P16 assembler v1.5 (Feb  9 2024)	c:\Users\oleir\Desktop\Coding\Assembly\P16\indexof_max.lst	Wed Mar 11 15:49:09 2026

Sections
Index   Name            Address   Size
0       .text           0000      0054 84

Symbols
Name                    Type      Value       Section
abs                     LABEL     004A 74     .text
continue                LABEL     0038 56     .text
indexof_max             LABEL     000C 12     .text
line#14                 LABEL     000A 10     .text
main                    LABEL     0000 0      .text
out                     LABEL     003C 60     .text
return                  LABEL     0052 82     .text
while                   LABEL     0022 34     .text

Code listing
   1           	
   2           	
   3           	
   4           	main:
   5 0000 0E 24	    push LR
   6           	
   7 0002 00 60	    mov r0, #0
   8 0004 31 60	    mov r1, #3
   9           	
  10 0006 02 5C	    bl indexof_max
  11           	
  12 0008 0F 04	    POP PC
  13           	
  14 000A FF 5B	    b .
  15           	
  16           	indexof_max:
  17           	    ;r4 = a
  18           	    ;r5 = n
  19           	    ;r6 = idx
  20           	    ;r7 = i
  21           	    ;r8 = val
  22 000C 04 B0	    mov r4, r0
  23 000E 85 B0	    mov r5, r1 
  24 0010 06 60	    mov r6, #0
  25 0012 07 60	    mov r7, #0
  26 0014 08 60	    mov r8, #0
  27           	
  28 0016 0E 24	    push LR
  29 0018 04 24	    push r4
  30 001A 05 24	    push r5
  31 001C 06 24	    push r6
  32 001E 07 24	    push r7
  33 0020 08 24	    push r8
  34           	
  35           	
  36           	while:
  37 0022 F0 BA	    cmp r7, r5
  38 0024 0B 50	    bge out
  39           	
  40 0026 F7 E0	    lsl r7, r7, #1
  41 0028 C0 13	    LDR r0, [r4, r7]
  42 002A F7 E8	    lsr r7, r7, #1
  43           	
  44 002C 0E 5C	    bl abs
  45           	
  46 002E 01 B4	    mov r1, r8
  47 0030 10 B8	    cmp r1, r0
  48           	
  49 0032 02 48	    bhs continue
  50 0034 08 B0	    mov r8, r0
  51 0036 86 B3	    mov r6, r7
  52           	
  53           	continue:
  54 0038 F7 A0	    add r7, r7, #1
  55           	
  56 003A F3 5B	    b while
  57           	
  58           	out: 
  59 003C 00 B3	    mov r0, r6
  60           	
  61 003E 08 04	    pop r8
  62 0040 07 04	    pop r7
  63 0042 06 04	    pop r6
  64 0044 05 04	    pop r5
  65 0046 04 04	    pop r4
  66           	
  67           	
  68 0048 0F 04	    pop PC
  69           	
  70           	; r0 = v
  71           	abs:
  72 004A 01 60	    mov r1, #0
  73 004C 80 B8	    cmp r0, r1 ;Subtrai o primeiro pelo segundo. r0 - r1
  74 004E 01 50	    bge return 
  75 0050 10 88	    sub r0, r1, r0
  76           	
  77           	return:
  78 0052 0F B7	    mov pc, lr
  79           	
  80           	
  80           	
