P16 assembler v1.5 (Feb  9 2024)	c:\Users\oleir\Desktop\Coding\Assembly\P16\lab01_opt.lst	Wed Mar 04 20:50:24 2026

Sections
Index   Name            Address   Size
0       .text           0000      001E 30

Symbols
Name                    Type      Value       Section
end_if                  LABEL     001C 28     .text
initialize              LABEL     0000 0      .text
line#38                 LABEL     001C 28     .text
product                 LABEL     0004 4      .text
while                   LABEL     0012 18     .text
while_end               LABEL     001C 28     .text

Code listing
   1           	; -----------------------------------------------------------------------------
   2           	; Ficheiro:  lab01.s
   3           	; Descricao: Codigo de suporte a realizacao da 1a atividade laboratorial de AC.
   4           	; Autor:     Tiago M Dias (tiago.dias@isel.pt)
   5           	; Data:      11-03-2022
   6           	; -----------------------------------------------------------------------------
   7           	
   8           		; r0 guarda o valor da variavel M
   9           		; r1 guarda o valor da variavel m
  10           		; r2 guarda o valor da variavel p
  11           		; r3 e utilizado para guardar valores temporariamente
  12           	
  13           	initialize:
  14 0000 02 60		mov	r2, #0
  15 0002 03 60		mov	r3, #0 
  16           	
  17           	
  18           	product:
  19 0004 30 B8		cmp	r3, r0 ; 0 - M
  20 0006 0A 40		beq end_if ; SE r3 == r0
  21           	
  22 0008 80 B8		cmp r0, r1
  23 000A 03 48		bhs while ;aqui o r1 é menor que o r0
  24           	 
  25 000C 04 B0		mov r4, r0 ;mete o M no r4
  26 000E 80 B0		mov r0, r1 ;mete no M o m
  27 0010 01 B2		mov r1, r4 ;mete no m o r4  (que é o M)
  28           	
  29           	while:
  30           	
  31 0012 B0 B8		cmp	r3, r1
  32 0014 03 48		bhs	while_end ; 0 >= m
  33 0016 22 80		add	r2, r2, r0
  34 0018 91 A8		sub	r1, r1, #1 ; m => contador; m--
  35 001A FB 5B		b	while
  36           	while_end:
  37           	end_if:
  38 001C FF 5B		b	.
  39           		
  39           	
