P16 assembler v1.5 (Feb  9 2024)	c:\Users\oleir\Desktop\Coding\Assembly\P16\H2P_AC\Projeto\projetoV1.lst	Wed Jun 03 22:19:46 2026

Sections
Index   Name            Address   Size
0       .text           0000      02AC 684
1       .data           02AC      0010 16
2       .stack          02BC      0040 64

Symbols
Name                    Type      Value       Section
ALL_GREEN_LIGHTS        ABSOLUTE  00AA 170    .text
ALL_RED_LIGHTS          ABSOLUTE  0055 85     .text
ALL_YELLOW_LIGHTS       ABSOLUTE  00FF 255    .text
BLINKING_COUNT          ABSOLUTE  0003 3      .text
check_if_any_mole_left  LABEL     01DC 476    .text
check_mole_position     LABEL     01E6 486    .text
check_mole_return       LABEL     01F0 496    .text
clear_lights            LABEL     01B6 438    .text
convert_end             LABEL     019A 410    .text
convert_moleinput_moleoutput LABEL     0190 400    .text
convert_while           LABEL     0192 402    .text
detect_cycle            LABEL     00C2 194    .text
detect_play             LABEL     015E 350    .text
diff_addr               LABEL     00B8 184    .text
diff_addr2              LABEL     005E 94     .text
dificulty_time          LABEL     02AC 684    .data
ENABLE_EXTINT           ABSOLUTE  0010 16     .text
falling_edge_v2         LABEL     016C 364    .text
flashing_lights         LABEL     00E4 228    .text
flashing_lights_loop    LABEL     00F8 248    .text
flashing_lights_retur   LABEL     010C 268    .text
game_finished           LABEL     0016 22     .text
game_finished_loss      LABEL     0024 36     .text
game_finished_vitory    LABEL     001E 30     .text
game_return             LABEL     009A 154    .text
game_round              LABEL     0060 96     .text
game_round_loop         LABEL     0072 114    .text
game_setup_fun          LABEL     00BA 186    .text
game_setup_return       LABEL     00CA 202    .text
game_start_fun          LABEL     002A 42     .text
game_start_return       LABEL     0058 88     .text
game_start_return_false LABEL     0056 86     .text
game_start_return_true  LABEL     0052 82     .text
game_start_signal       LABEL     01AE 430    .text
game_timeout            LABEL     0098 152    .text
get_mole_green          LABEL     01A4 420    .text
get_mole_red            LABEL     019E 414    .text
if_mole_hit_change_color LABEL     012C 300    .text
inport_read             LABEL     0218 536    .text
input_port_addr         LABEL     021E 542    .text
INPUTPORT_ADDR          ABSOLUTE  FFB0 65456  .text
INT_CS_ADDRESS          ABSOLUTE  FF00 65280  .text
isr                     LABEL     0234 564    .text
last_play               LABEL     02AF 687    .data
last_play_addr          LABEL     017A 378    .text
loop                    LABEL     000E 14     .text
LOSER_LIGHTS            ABSOLUTE  0000 0      .text
loser_prep              LABEL     00F6 246    .text
main                    LABEL     000A 10     .text
mole_hit_return         LABEL     014A 330    .text
mole_hit_return_false   LABEL     0144 324    .text
mole_hit_return_true    LABEL     0148 328    .text
moles_green             LABEL     0294 660    .text
moles_green_addr        LABEL     01AC 428    .text
moles_position          LABEL     02B2 690    .data
moles_position_addr     LABEL     015C 348    .text
moles_red               LABEL     0290 656    .text
moles_red_addr          LABEL     01AA 426    .text
moles_yellow            LABEL     0298 664    .text
next_round              LABEL     003A 58     .text
NO_LIGHTS               ABSOLUTE  0000 0      .text
out_port_addr           LABEL     0220 544    .text
out_port_img_addr       LABEL     0222 546    .text
OUTPORT_ADDRESS         ABSOLUTE  FFC0 65472  .text
outport_clr_bits        LABEL     01FE 510    .text
outport_img             LABEL     02AE 686    .data
outport_set_bits        LABEL     01F2 498    .text
outport_write           LABEL     020C 524    .text
period                  LABEL     029C 668    .text
period_addr             LABEL     0110 272    .text
program                 LABEL     0004 4      .text
PTC_ADDR                LABEL     028E 654    .text
PTC_ADDRESS             ABSOLUTE  FF00 65280  .text
ptc_clr_irq             LABEL     0288 648    .text
PTC_CMD_START           ABSOLUTE  0000 0      .text
PTC_CMD_STOP            ABSOLUTE  0001 1      .text
ptc_get_value           LABEL     0282 642    .text
ptc_init                LABEL     0260 608    .text
ptc_start               LABEL     0272 626    .text
ptc_stop                LABEL     027A 634    .text
PTC_TC_ADDRESS          ABSOLUTE  0004 4      .text
PTC_TCR_ADDRESS         ABSOLUTE  0000 0      .text
PTC_TIR_ADDRESS         ABSOLUTE  0006 6      .text
PTC_TMR_ADDRESS         ABSOLUTE  0002 2      .text
read_and_save_game_dificulty LABEL     00A2 162    .text
read_marreta            LABEL     01BE 446    .text
return_game             LABEL     0028 40     .text
ROUNDS_COUNT            ABSOLUTE  000A 10     .text
show_moles_state        LABEL     0150 336    .text
sleep                   LABEL     00CE 206    .text
sleep_end               LABEL     00E2 226    .text
sleep_inner_loop        LABEL     00DA 218    .text
sleep_outer_loop        LABEL     00D6 214    .text
STACK_SIZE              ABSOLUTE  0040 64     .text
stack_top               LABEL     02FC 764    .stack
stack_top_addr          LABEL     0008 8      .text
start_up_interruptions  LABEL     017C 380    .text
sysclk                  LABEL     02B0 688    .data
SYSCLK_ADDR             LABEL     025E 606    .text
sysclk_get_ticks        LABEL     0258 600    .text
sysclk_init             LABEL     024C 588    .text
time_elapsed            LABEL     022A 554    .text
time_get_ref            LABEL     0224 548    .text
TMR_INIT_VAL            ABSOLUTE  0005 5      .text
turn_mole_red           LABEL     01C8 456    .text
VICTORY_LIGHTS          ABSOLUTE  0001 1      .text
victory_prep            LABEL     00F2 242    .text
WAIT_500MS              ABSOLUTE  0053 83     .text
wait_loop               LABEL     011E 286    .text
wait_ticks              LABEL     0112 274    .text

Code listing
   1           	; Definicao dos valores dos simbolos utilizados no programa
   2           	;
   3          		.equ	STACK_SIZE, 64              ; Dimensao do stack, em bytes
   4          		.equ	ENABLE_EXTINT, 0x10         ; Ativa a flag I do CPSR (ativa as interrupcoes)
   5          		.equ	OUTPORT_ADDRESS, 0xFFC0     ; Endereco do porto de saida
   6          		.equ 	INPUTPORT_ADDR, 0xFFB0		; Endereco do porto de entrada
   7           	
   8          		.equ 	ALL_GREEN_LIGHTS, 0xAA
   9          		.equ 	ALL_RED_LIGHTS, 0x55
  10          		.equ 	ALL_YELLOW_LIGHTS, 0xFF
  11          		.equ 	NO_LIGHTS, 0x00
  12           		
  13          		.equ 	ROUNDS_COUNT, 0x0A
  14          		.equ 	BLINKING_COUNT, 0x03
  15           	
  16          		.equ 	VICTORY_LIGHTS, 0x01
  17          		.equ 	LOSER_LIGHTS, 0x00
  18           	
  19          		.equ 	WAIT_500MS, 0x53
  20           	
  21          		.equ	PTC_ADDRESS, 0xFF00      	; Endereco do circuito pTC
  22          		.equ	INT_CS_ADDRESS, 0xFF00      ; Local em memória para ativar o [nCS_EXT0] Chip select [FF00 a FF3F]
  23          	    .equ	PTC_TCR_ADDRESS, 0     		; Endereço de memória para ativar o [TCR Register] do pTC [0xFF00]
  24          		.equ	PTC_TMR_ADDRESS, 2     		; Endereço de memória para ativar o [TMR Register] do pTC [0xFF02]
  25          		.equ	PTC_TC_ADDRESS, 4     		; Endereço de memória para ativar o [TC Register] do pTC [0xFF04]
  26          		.equ	PTC_TIR_ADDRESS, 6			; Endereço de memória para ativar o [TIR Register] do pTC [0xFF06]
  27          		.equ	PTC_CMD_START, 0			; Comando para iniciar a contagem no pTC
  28          		.equ	PTC_CMD_STOP, 1				; Comando para parar a contagem no pTC
  29           	
  30           	;; O VALOR DO CONTADOR INTERNO DO PICO TIMER SERA SEMPRE 6 PARA GARANTIR QUE É SEMPRE FEITA INTERRUPÇÕES A CADA 6MS
  31           	;; COMO USAMOS UM CLOCK DE 1KHZ, TEMOS CLOCKS A CADA 1MS
  32           	;; ASSUMIMOS QUE O ISR DEMORA 1.2MS A EXECUTAR E GARANTIMOS QUE O PROGRAMA CORRE NOS RESTANTES 5MS
  33           	
  34          		.equ	TMR_INIT_VAL, 0x05           ; Valor inicial do sysclk que garante a frequencia em segundos das interrupções
  35           		
  36           	
  37           	
  38           	; Seccao:    text
  39           	; Descricao: Guarda o codigo do programa
  40           	;
  41           		.text
  42 0000 01 58		b	program
  43 0002 18 59		b	isr
  44           	program:
  45 0004 1D 0C		LDR	sp, stack_top_addr
  46 0006 01 58	    b   main
  47           	
  48           	stack_top_addr:
  49 0008 FC 02		.word	stack_top
  50           	
  51           	; Rotina:    MAIN Function
  52           	; Descricao: -
  53           	; Entradas:  -
  54           	; Saidas:    -
  55           	; Efeitos:   -
  56           	main:
  57 000A 50 60		MOV R0, #TMR_INIT_VAL
  58 000C 1F 5D		BL sysclk_init
  59           	
  60           	loop:
  61           		
  62 000E 55 5C		BL game_setup_fun
  63 0010 0C 5C		BL game_start_fun
  64 0012 01 5C		BL game_finished
  65           		
  66 0014 FC 5B		B loop
  67           		
  68           	;; END MAIN
  69           	
  70           	
  71           	;
  72           	; >> Função GAME FINISHED << Rotina que é executada depois do jogo terminar, 
  73           	;	quer por tempo terminado ou por concluir as rondas todas
  74           	; Tipo: - NAO FOLHA -
  75           	; Parametros de entrada:
  76           	;	R0 -> Estado do jogo [0 - DERROTA; 1 - VITORIA]
  77           	; variaveis locais:
  78           	;	R1 -> i (para o ciclo)
  79           	; Parametros de saida:
  80           	;   VOID
  81           	;
  82           	game_finished:
  83 0016 0E 24		PUSH LR
  84           	
  85 0018 01 60		MOV R1, #0
  86 001A 10 B8		CMP R1, R0
  87           	
  88 001C 03 40		BEQ game_finished_loss
  89           	
  90           	game_finished_vitory:
  91 001E 10 60		MOV R0, #VICTORY_LIGHTS 
  92 0020 61 5C		BL flashing_lights
  93 0022 02 58		B return_game
  94           	
  95           	game_finished_loss:
  96 0024 00 60		MOV R0, #LOSER_LIGHTS 
  97 0026 5E 5C		BL flashing_lights
  98           	
  99           	return_game:
 100           	
 101 0028 0F 04		POP PC
 102           	;END GAME_FINISHED
 103           	
 104           	
 105           	;
 106           	; >> Função GAME START << Rotina que inicializa o jogo. 
 107           	;	Limpa os LEDS da placa, lê as posições do array das toupeiras com base no nº da ronda
 108           	;	INICIA a rounda e no final, se houver o jogador vender, incrementa a ronda e recomeça o jogo
 109           	; Tipo: - NAO FOLHA -
 110           	; Parametros de entrada:
 111           	;	-
 112           	; variaveis locais:
 113           	;	R5 -> rondaNum (Número da ronda que é incrementado após a ronda anterior terminar com uscesso)
 114           	; Parametros de saida:
 115           	;   VOID
 116           	;
 117           	game_start_fun:
 118 002A 0E 24		PUSH LR
 119 002C 04 24		PUSH R4
 120 002E 05 24		PUSH R5
 121           		
 122 0030 C2 5C		BL clear_lights
 123           	
 124 0032 51 0D		LDR R1, diff_addr2
 125 0034 10 00		LDR R0, [R1]					; CARREGA EM R0 o tempo retirado do array de periodos
 126           		
 127 0036 A5 60		MOV R5, #ROUNDS_COUNT
 128 0038 04 60		MOV R4, #0						;Nº DA RONDA 
 129           	next_round:
 130 003A 00 B2		MOV R0, R4						;Nº DA RONDA 
 131 003C 89 5C		BL show_moles_state				;CARREGA AS POSIÇÕES DAS TOUPEIRAS A PARTIR DO ARRAY em R0
 132           	
 133 003E 10 5C		BL game_round
 134 0040 00 C0		AND R0, R0, R0
 135 0042 09 40		BZS game_start_return_false
 136           	
 137 0044 C4 A0		ADD R4, R4, #1					; INCREMENTA O Nº DA RONDA
 138           		
 139 0046 B7 5C		BL clear_lights
 140 0048 30 65		MOV R0, #WAIT_500MS
 141 004A 63 5C		BL wait_ticks
 142           			
 143 004C 50 BA		CMP R5, R4
 144 004E 01 40		BEQ game_start_return_true
 145           		
 146 0050 F4 5B		B next_round
 147           	
 148           	game_start_return_true:
 149 0052 10 60		MOV R0, #1
 150 0054 01 58		B game_start_return
 151           	game_start_return_false:
 152 0056 00 60		MOV R0, #0
 153           	game_start_return:
 154 0058 05 04		POP R5
 155 005A 04 04		POP R4
 156 005C 0F 04		POP PC
 157           	;; END Game_Start_Fun
 158           	
 159           	
 160           	
 161 005E AC 02	diff_addr2:   		.word dificulty_time
 162           	
 163           	
 164           	
 165           	; Rotina:    game_round
 166           	; Descricao: 
 167           	; Entradas:  R0 -> posicoes das toupeiras
 168           	; Saidas:    -
 169           	; Efeitos:  
 170           	game_round:
 171 0060 0E 24		PUSH LR
 172 0062 04 24		PUSH R4
 173 0064 05 24		PUSH R5
 174 0066 06 24		PUSH R6
 175           	
 176 0068 04 B0		MOV R4, R0
 177           	
 178 006A DC 5C		BL time_get_ref					; Começa a contar o tempo da ronda
 179 006C 05 B0		MOV R5, R0						; Guarda o valor do contador no momento do inicio
 180           	
 181 006E 41 0E		LDR R1, diff_addr
 182 0070 16 00		LDR R6, [R1]					; Valor de ciclos referncia para esta dificuldade
 183           	
 184           		
 185           	game_round_loop:
 186 0072 80 B2	    MOV R0, R5				; Metemos em R0, o valor que estava no inicio da contagem
 187 0074 DA 5C	    BL time_elapsed         ; Calcula diferença entre agora e R1
 188 0076 00 BB	    CMP R0, R6              ; Compara tempo decorrido com o desejado
 189 0078 0F 48	    BHS game_timeout		; Enquanto decorrido < desejado, espera
 190           	
 191           	
 192 007A F1 60		MOV R1, #0x0F
 193 007C 70 5C		BL detect_play			; DEVOLVE A MASCARA DOS INPUTS DETETADOS
 194 007E 00 C0		AND R0, R0, R0			; SE ESTIVER A ZERO, NAO HOUVE INPUTS E CONTINUA
 195           	
 196 0080 F8 43		BZS game_round_loop
 197           		
 198 0082 01 B2		MOV R1, R4
 199 0084 53 5C		BL if_mole_hit_change_color
 200 0086 00 C0		AND R0, R0, R0			; SE ESTIVER A ZERO, NAO HOUVE TROCAS
 201 0088 F4 43		BZS game_round_loop
 202           	
 203           	
 204 008A A8 5C		BL check_if_any_mole_left
 205 008C 00 C0		AND R0, R0, R0
 206           		
 207 008E F1 47		BZC game_round_loop					; SE FOR ZERO É PORQUE NAO HA MAIS TOUPEIRAS POR MATAR
 208           	
 209 0090 30 65		MOV R0, #WAIT_500MS		
 210 0092 3F 5C		BL wait_ticks			
 211           		
 212 0094 10 60		MOV R0, #1
 213 0096 01 58		B game_return
 214           	game_timeout:
 215 0098 00 60		MOV R0, #0
 216           	
 217           	game_return:
 218 009A 06 04		POP R6
 219 009C 05 04		POP R5
 220 009E 04 04		POP R4
 221 00A0 0F 04		POP PC
 222           	; END
 223           	
 224           	
 225           	;
 226           	; >> Função READ_GAME_DIFICULTY <<
 227           	; Tipo: - FOLHA -
 228           	; Parametros de entrada:
 229           	;	-
 230           	; variaveis locais:
 231           	;	-
 232           	; Parametros de saida:
 233           	;   R0 -> 
 234           	;
 235           	read_and_save_game_dificulty: 
 236 00A2 0E 24		PUSH LR
 237 00A4 B9 5C		BL inport_read
 238           	
 239           		; Só precisamos dos 3 bits mais significativos
 240 00A6 02 6E		MOV R2, #0xE0
 241 00A8 00 C1		AND R0, R0, R2
 242           	
 243 00AA 80 EA		LSR R0, R0, #5
 244 00AC 80 E0		LSL R0, R0, #1
 245           	
 246 00AE 01 0F		LDR r1, period_addr	; Carrega o endereço do array
 247 00B0 10 10		LDR r0, [R1, R0]	; Carrega do array a posição R0
 248           	
 249 00B2 21 0C		LDR r1, diff_addr	; Carrega o endereço da variavel
 250 00B4 10 20		STR r0, [R1]		; Guarda o valor obtido do array na variável
 251           	
 252           	
 253 00B6 0F 04		POP PC
 254           	; END
 255 00B8 AC 02	diff_addr:   		.word dificulty_time
 256           	
 257           	;
 258           	; >> Função GAME SETUP << Rotina que prepeara o inicio do jogo. 
 259           	;	Inicia o PicoTimer, Faz enable ás interrupções, Lê a dificuldade do jogo posta no inputport e 
 260           	;	deteta o primeiro input para iniciar o jogo
 261           	; Tipo: - NAO FOLHA -
 262           	; Parametros de entrada:
 263           	;	-
 264           	; variaveis locais:
 265           	;	R1 -> i (Mascara usada para definir qual o input que estamos a "detetar")
 266           	; Parametros de saida:
 267           	;   VOID
 268           	;
 269           	game_setup_fun:
 270 00BA 0E 24		PUSH LR
 271           		
 272 00BC 78 5C		BL game_start_signal 
 273 00BE 5E 5C		BL start_up_interruptions		; PROCESSO DE INICIALIZAÇÃO DAS INTERRUPÇÕES
 274           	
 275 00C0 14 60		MOV R4, #0x01
 276           	detect_cycle:
 277 00C2 01 B2		MOV R1, R4
 278 00C4 4C 5C		BL detect_play
 279 00C6 00 C2		AND R0, R0, R4
 280           		
 281 00C8 FC 43		BZS detect_cycle
 282           	game_setup_return:
 283 00CA EB 5F		BL read_and_save_game_dificulty ; Lê e grava em memória o tempo selecionado para a ronda
 284           	
 285 00CC 0F 04		POP PC
 286           	;; END Game_Setup_Fun
 287           	
 288           	
 289           	
 290           	; Rotina:    sleep
 291           	; Descricao: Faz um atraso de tempo de #1 em r0 e r1
 292           	; Entradas:  Recebe r0
 293           	; Saidas:    Não têm
 294           	; Efeitos:   Altera os registos R0 e R1
 295           	sleep:
 296           	
 297 00CE 01 0E		LDR r1, period_addr	; Carrega o endereço do array
 298 00D0 10 10		LDR r0, [R1, R0]	; Carrega do array a posição R0
 299           	
 300 00D2 00 C0		and	r0, r0, r0
 301 00D4 06 40		beq	sleep_end
 302           	sleep_outer_loop:
 303 00D6 E1 60		MOV	r1, #0x0E
 304 00D8 31 70		MOVT r1, #0x03
 305           	sleep_inner_loop:
 306 00DA 91 A8		sub	r1, r1, #1
 307 00DC FE 47		bne	sleep_inner_loop
 308 00DE 80 A8		sub	r0, r0, #1
 309 00E0 FA 47		bne	sleep_outer_loop
 310           	sleep_end:
 311 00E2 0F B7		MOV	pc, lr
 312           	
 313           	
 314           	
 315           	; Rotina:    vitory_lights
 316           	; Descricao: 
 317           	; Entradas:  R0  -> State. 0 -> Loss | 1 -> Victory
 318           	; Saidas:    -
 319           	; Efeitos:  Pisca os leds 3 vezes com base no parametro de entrada R0. 
 320           	;	Usa uma função auxiliar que permite esperar meio segundo, atraves do pico timer, antes de acender ou apagar o led
 321           	flashing_lights:
 322 00E4 0E 24		PUSH LR
 323 00E6 04 24		PUSH R4
 324           	
 325 00E8 34 60		MOV R4, #BLINKING_COUNT
 326           		
 327 00EA 33 65		MOV R3, #WAIT_500MS
 328           		
 329 00EC 02 60		MOV R2, #LOSER_LIGHTS
 330 00EE 00 B9		CMP R0, R2
 331 00F0 02 40		BEQ loser_prep
 332           	
 333           	victory_prep:
 334 00F2 A2 6A		MOV R2, #ALL_GREEN_LIGHTS
 335 00F4 01 58		B flashing_lights_loop
 336           	loser_prep:
 337 00F6 52 65		MOV R2, #ALL_RED_LIGHTS
 338           	
 339           	flashing_lights_loop:
 340           	
 341 00F8 00 B1		MOV R0, R2					; METE TUDO A VERDE
 342 00FA 88 5C		BL outport_write
 343           		
 344 00FC 80 B1		MOV R0, R3			
 345 00FE 09 5C		BL wait_ticks
 346           	
 347 0100 5A 5C		BL clear_lights				; APAGA OS LEDS TODOS
 348           	
 349 0102 80 B1		MOV R0, R3			
 350 0104 06 5C		BL wait_ticks
 351           	
 352 0106 C4 A8		SUB R4, R4, #1
 353 0108 01 40		BZS flashing_lights_retur
 354 010A F6 5B		B flashing_lights_loop
 355           	
 356           	flashing_lights_retur:
 357 010C 04 04		POP R4
 358 010E 0F 04		POP PC
 359           	;END
 360           	
 361 0110 9C 02	period_addr:  		.word period
 362           	
 363           	
 364           	; Rotina:    delay_ticks
 365           	; Descricao: 
 366           	; Entradas:  R0 -> Recebe o número de ciclos que pretende esperar
 367           	; Saidas:    -
 368           	; Efeitos:  Espera meio segundo
 369           	wait_ticks:
 370 0112 0E 24	    PUSH LR
 371 0114 01 24	    PUSH R1
 372 0116 02 24	    PUSH R2
 373           	
 374 0118 02 B0	    MOV R2, R0              ; Guarda o tempo desejado
 375 011A 84 5C	    BL time_get_ref
 376 011C 01 B0	    MOV R1, R0              ; R1 = tempo de referência inicial
 377           	
 378           	wait_loop:
 379 011E 80 B0	    MOV R0, R1
 380 0120 84 5C	    BL time_elapsed         ; Calcula diferença entre agora e R1
 381 0122 00 B9	    CMP R0, R2              ; Compara tempo decorrido com o desejado
 382 0124 FC 57	    BLT wait_loop          ; Enquanto decorrido < desejado, espera
 383           	
 384 0126 02 04	    POP R2
 385 0128 01 04	    POP R1
 386 012A 0F 04	    POP PC
 387           	
 388           	
 389           	; Rotina:    if_mole_hit_change_color
 390           	; Descricao: 
 391           	; Entradas:  R0 -> mascara de hits detetada
 392           	; Entradas:  R1 -> posicoes das toupeiras
 393           	; Saidas:    -
 394           	; Efeitos:  
 395           	if_mole_hit_change_color:
 396 012C 0E 24		PUSH LR
 397 012E 04 24		PUSH R4
 398 0130 05 24		PUSH R5
 399           	
 400 0132 84 B0		MOV R4, R1
 401           	
 402 0134 2D 5C		BL convert_moleinput_moleoutput	; FICA EM R0 o index da marretada detetada
 403 0136 05 B0		MOV R5, R0
 404           	
 405 0138 35 5C		BL get_mole_green 				; VAI BUSCAR A MASCARA QUE REPRESENTA OS LEDS VERDES NO INDEX DA MARRETA
 406 013A 00 C2		AND R0, R0, R4					; VALIDA SE O BIT GREEN OBTIDO CORRESPONDE À POSICAO DA TOUPEIRA
 407           	
 408 013C 03 40		BZS mole_hit_return_false
 409           	
 410 013E 80 B2		MOV R0, R5
 411 0140 43 5C		BL turn_mole_red				; APAGA O LED VERDE E ACENDE O RESPETIVO LED VERMERLHO
 412 0142 02 58		B mole_hit_return_true
 413           	
 414           	mole_hit_return_false:
 415 0144 00 60		MOV R0, #0
 416 0146 01 58		B mole_hit_return
 417           	mole_hit_return_true:
 418 0148 10 60		MOV R0, #1
 419           	
 420           	mole_hit_return:
 421           	
 422 014A 05 04		POP R5
 423 014C 04 04		POP R4
 424 014E 0F 04		POP PC
 425           	; end_is_mole_hit
 426           	
 427           	
 428           	
 429           	
 430           	; Rotina:    show_moles_state
 431           	; Descricao: 
 432           	; Entradas:  R0 -> INDEX da ronda
 433           	; Saidas:    -
 434           	; Efeitos:  
 435           	show_moles_state:
 436 0150 0E 24		PUSH LR
 437           		
 438 0152 42 0C		LDR R2, moles_position_addr
 439 0154 23 18		LDRB R3, [R2, R0]
 440           	
 441 0156 80 B1		MOV R0, R3
 442 0158 59 5C		BL outport_write
 443           	
 444 015A 0F 04		POP PC
 445           	; END SHOW_MOLES_STATE
 446           	
 447           	
 448           	
 449 015C B2 02	moles_position_addr: .word moles_position
 450           	
 451           	
 452           	; Rotina:    detect play
 453           	; Descricao: Verifica se é detetada uma transição descendente em qualquer um dos primeiros 4 bits
 454           	; Entradas:  -
 455           	; Saidas:    -
 456           	; Efeitos:   
 457           	detect_play:
 458 015E 0E 24		PUSH LR
 459 0160 04 24		PUSH R4
 460           		
 461 0162 2D 5C		BL read_marreta 				; Lê e retorna os 4 bits de menor peso R0
 462 0164 F1 60		MOV R1, #0x0F
 463 0166 02 5C		BL falling_edge_v2
 464           	
 465 0168 04 04		POP R4
 466 016A 0F 04		POP PC
 467           	
 468           	;END DETECT_PLAY
 469           	
 470           	
 471           	
 472           	; Entradas:  r0 - valor lido o porto de entrada
 473           	; 			 r1 - Mascara inicial 
 474           	falling_edge_v2:
 475 016C 62 0C		LDR	 r2, last_play_addr
 476 016E 23 08		LDRB r3, [r2]	; VALOR EM MEMORIA
 477           	
 478 0170 20 28		STRB r0, [r2]	; ATUALIZA EM MEMORIA
 479           	
 480 0172 10 B0		MVN R0, R0		; INVERTE OS BITS 
 481 0174 80 C1		AND R0, R0, R3	
 482           	
 483 0176 80 C0		AND R0, R0, R1 ; FILTRA OS 4 BITS menos significativos 
 484 0178 0F B7		MOV PC, LR
 485           	
 486           	last_play_addr:
 487 017A AF 02		.word	last_play
 488           	
 489           	
 490           	; START_UP
 491           	; Rotina que inicializa o programa.
 492           	start_up_interruptions:
 493 017C 0E 24		PUSH LR
 494           	
 495 017E 46 5C		BL	outport_write		 					; Escreve o zero no output port
 496 0180 00 60		MOV	r0, #INT_CS_ADDRESS & 0xFF				; CARREGA O ENDEREÇO DE MEMÓRIA DO INT_CS
 497 0182 F0 7F		MOVT	r0, #(INT_CS_ADDRESS >> 8) & 0xFF	; CARREGA O ENDEREÇO DE MEMÓRIA DO INT_CS		
 498 0184 00 28		STRB	r0, [r0, #0]						; Faz um STOREB para ativar o sinal nWrL
 499           	
 500 0186 60 B0		mrs	r0, cpsr								; Passa as flags para o R0
 501 0188 01 61		MOV	r1, #ENABLE_EXTINT						; Passa para R1 a mascara que ativa a flag I
 502 018A 80 C8		orr	r0, r0, r1								; Realiza um OR bit a bit entre R0 e R1
 503 018C 40 B0		msr	cpsr, r0								; Passa as novas flags atualizadas para o registo CPSR
 504           	
 505 018E 0F 04		POP PC
 506           	;END interruption
 507           	
 508           	
 509           	;
 510           	; >> Função CONVERT_MOLEINPUT_MOLEOUTPUT <<
 511           	; Tipo: - FOLHA -
 512           	; Parametros de entrada:
 513           	;   uint4_t num_ -------> r0
 514           	;
 515           	; variaveis locais:
 516           	;   uint8_t contador  --> r2
 517           	;
 518           	; Parametros de saida:
 519           	;   uint8_t ---------> r0
 520           	;
 521           	convert_moleinput_moleoutput:
 522 0190 01 60		MOV R1, #0
 523           	convert_while:
 524           	
 525 0192 80 E8	    LSR r0, r0, #1          
 526 0194 02 40		BZS convert_end
 527 0196 91 A0	    ADD r1, r1, #1          ; m => contador; m--
 528 0198 FC 5B	    B	convert_while
 529           	
 530           	convert_end:
 531 019A 80 B0		MOV R0, R1
 532 019C 0F B7		MOV PC, LR
 533           	; END CONVERT
 534           	
 535           	
 536           	; GETMOLE_RED
 537           	; Retorna a posição do LED vermelho do output port com base na posição como parametro.  
 538           	; R0 -> Nº da toupeira [4bits]
 539           	get_mole_red:
 540 019E 51 0C		LDR R1, moles_red_addr
 541 01A0 10 18		LDRB R0, [R1, R0]
 542           	
 543 01A2 0F B7		MOV PC, LR
 544           	
 545           	
 546           	; GETMOLE_GREEN
 547           	; Retorna a posição do LED verde do output port com base na posição como parametro.  
 548           	; R0 -> Nº da toupeira [4bits]
 549           	get_mole_green:
 550 01A4 31 0C		LDR R1, moles_green_addr
 551 01A6 10 18		LDRB R0, [R1, R0]
 552           	
 553 01A8 0F B7		MOV PC, LR
 554           	
 555           	;END
 556           	
 557           	
 558           	
 559           	
 560 01AA 90 02	moles_red_addr:  .word moles_red
 561 01AC 94 02	moles_green_addr:  .word moles_green
 562           	
 563           	;
 564           	; >> Função GAME START SIGNAL << Coloca todos os leds a laranja
 565           	; Tipo: - FOLHA -
 566           	; Parametros de entrada:
 567           	;	-
 568           	; variaveis locais:
 569           	;	-
 570           	; Parametros de saida:
 571           	;   - 
 572           	;
 573           	game_start_signal: 
 574 01AE 0E 24		PUSH LR
 575 01B0 F0 6F		MOV R0, #ALL_YELLOW_LIGHTS ; Coloca todos os 8 bits do output a 1, que significa ativar o RED e GREEN simultaneamente
 576           	
 577 01B2 1F 5C		BL outport_set_bits
 578           	
 579 01B4 0F 04		POP PC
 580           	; END
 581           	
 582           	;
 583           	; >> Função CLEAR LIGHTS << Desliga todos os leds
 584           	; Tipo: - NAO FOLHA -
 585           	; Parametros de entrada:
 586           	;	-
 587           	; variaveis locais:
 588           	;	-
 589           	; Parametros de saida:
 590           	;   - 
 591           	;
 592           	clear_lights: 
 593 01B6 0E 24		PUSH LR
 594 01B8 00 60		MOV R0, #NO_LIGHTS 
 595           	
 596 01BA 28 5C		BL outport_write
 597           	
 598 01BC 0F 04		POP PC
 599           	; END
 600           	
 601           	;
 602           	; >> Função READ_MARRETA << Lê os 4bits menos significativos do inputport
 603           	; Tipo: - NAO FOLHA -
 604           	; Parametros de entrada:
 605           	;	-
 606           	; variaveis locais:
 607           	;	-
 608           	; Parametros de saida:
 609           	;   - 
 610           	;
 611           	read_marreta:
 612 01BE 0E 24		PUSH LR
 613           	
 614 01C0 F1 60		MOV R1, #0x0F
 615 01C2 2A 5C		BL inport_read
 616 01C4 80 C0		AND R0, R0, R1
 617           	
 618 01C6 0F 04		POP PC
 619           	
 620           	;END READ_MARRETA
 621           	
 622           	
 623           	
 624           	; Rotina:    turn_mole_red
 625           	; Descricao: 
 626           	; Entradas:  R0 -> INDEX da toupeira
 627           	; Saidas:    -
 628           	; Efeitos:   
 629           	turn_mole_red:
 630 01C8 0E 24		PUSH LR
 631 01CA 04 24		PUSH R4
 632           	
 633 01CC 04 B0		MOV R4, R0
 634 01CE EA 5F		BL get_mole_green 
 635           		
 636 01D0 16 5C		BL outport_clr_bits			; LIMPA O BIT QUE TORNA O LED VERDE NA TOUPEIRA 
 637           	
 638 01D2 00 B2		MOV R0, R4
 639 01D4 E4 5F		BL get_mole_red 
 640           	
 641 01D6 0D 5C		BL outport_set_bits			; ATIVA O BIT QUE TORNA O LED VERMELHO NA TOUPEIRA 
 642           	
 643 01D8 04 04		POP R4
 644 01DA 0F 04		POP PC
 645           	;END TURN_MOLE_RED
 646           	
 647           	
 648           	; Rotina:    check_if_any_mole_left
 649           	; Descricao: 
 650           	; Entradas: 
 651           	; Saidas:    -
 652           	; Efeitos:  
 653           	check_if_any_mole_left:
 654 01DC 21 0E		LDR R1, out_port_img_addr	; VAI BUSCAR O VALOR QUE ESTA VISIVEL QUE ESTA NO OUTPUTPORT
 655 01DE 11 08		LDRB R1, [R1]				; VAI BUSCAR O VALOR QUE ESTA VISIVEL QUE ESTA NO OUTPUTPORT
 656           	
 657 01E0 A2 6A		MOV R2, #ALL_GREEN_LIGHTS	; MASCARA QUE CORRESPONDE A TODAS AS POSIÇÕES POSSIVEIS DAS TOUPEIRAS VIVAS
 658 01E2 10 C1		AND R0, R1, R2
 659           	
 660 01E4 0F B7		MOV PC, LR
 661           	; end check
 662           	
 663           	
 664           	; Rotina:    check_mole_position
 665           	; Descricao: 
 666           	; Entradas:  R0 -> INDEX da marretada
 667           	; Saidas:    -
 668           	; Efeitos:   
 669           	check_mole_position:
 670 01E6 0E 24		PUSH LR
 671           		
 672           		
 673 01E8 DD 5F		BL get_mole_green 
 674           	
 675 01EA B1 0D		LDR R1, out_port_img_addr
 676 01EC 11 08		LDRB R1, [R1]
 677           	
 678 01EE 80 C0		AND R0, R0, R1		; VERIFICA SE OS MESMOS BITS DO OUTPUT PORT E DA GREEN POSISTION DA TOUPEIRA SAO IGUAIS
 679           	
 680           	check_mole_return:
 681           	
 682 01F0 0F 04		POP PC
 683           	;END CHECK_MOLE_POSITION
 684           	
 685           	
 686           	
 687           	
 688           	
 689           	
 690           	;;						;;
 691           	;; 		PORTS API 		;;
 692           	;; 						;;
 693           	
 694           	; OUTPORT_SET_BITS
 695           	; Introduz os BITS ao valor já no outputport através de uma mascara
 696           	; R0 -> é a mascara que será aplicada ao valor já existente no output-port
 697           	;
 698           	outport_set_bits:
 699 01F2 0E 24	    PUSH LR
 700           	    
 701 01F4 61 0D	    LDR r1, out_port_img_addr
 702 01F6 11 08	    LDRB r1, [r1]
 703           	
 704 01F8 80 C8	    ORR r0, r0, r1
 705           	
 706 01FA 08 5C	    BL outport_write
 707           	    
 708 01FC 0F 04	    POP PC
 709           	
 710           	; OUTPORT_CLR_BITS
 711           	; Limpa os BITS do valor já no outputport através de uma mascara
 712           	; R0 -> é a mascara que será aplicada ao valor já existente no output-port
 713           	;
 714           	outport_clr_bits:
 715 01FE 0E 24	    PUSH LR
 716           	    
 717 0200 01 0D	    LDR r1, out_port_img_addr
 718 0202 11 08	    LDRB r1, [r1]
 719           	
 720 0204 10 B0	    MVN r0, r0
 721 0206 80 C0	    AND r0, r0, r1
 722           	
 723 0208 01 5C	    BL outport_write
 724           	    
 725 020A 0F 04	    POP PC
 726           	
 727           	
 728           	; Rotina:    outport_write
 729           	; Descricao: Escreve num porto de saida a 8 bits o valor passado como argumento.
 730           	;            Interface exemplo: void outport_write( uint8_t value );
 731           	; Entradas:  r0 - valor a escrever no porto de saida
 732           	; Saidas:    -
 733           	; Efeitos:   r1 - guarda o endereco do porto alvo da escrita
 734           	outport_write:
 735 020C 01 6C		MOV	 r1, #OUTPORT_ADDRESS & 0xFF
 736 020E F1 7F		MOVT r1, #(OUTPORT_ADDRESS >> 8) & 0xFF
 737 0210 10 28		STRB r0, [r1, #0]
 738           	
 739           		; É necessário guardar o ultimo valor escrito no output port para conseguirmos modificar o ultimo valor com
 740           		; uma mascara
 741           	
 742 0212 71 0C	    LDR r1, out_port_img_addr    
 743 0214 10 28	    STRB r0, [r1, #0]
 744           	
 745 0216 0F B7		MOV	pc, lr
 746           	
 747           	; Rotina:    INPORT_READ
 748           	; Descricao: lê do porto de saida os 8 bits.
 749           	;            Interface exemplo: uint8_t outport_write();
 750           	; Entradas:   - 
 751           	; Saidas:    r0 - valor lido do porto de entrada
 752           	
 753           	inport_read:
 754 0218 20 0C	    LDR r0, input_port_addr
 755 021A 00 08	    LDRB r0, [r0]
 756 021C 0F B7	    MOV pc, lr
 757           	
 758 021E B0 FF	input_port_addr:	.word INPUTPORT_ADDR
 759 0220 C0 FF	out_port_addr:		.word OUTPORT_ADDRESS
 760 0222 AE 02	out_port_img_addr:  .word outport_img
 761           	
 762           	
 763           	
 764           	;;									;;
 765           	;; 			PICO TIMER API 			;;
 766           	;; 									;;
 767           	
 768           	
 769           	/************************************************************************************
 770           	 * LIB time
 771           	 ************************************************************************************/
 772           	; Rotina:    time_get_ref
 773           	; Descricao: Obtém o tempo de referência (sysclk atual) para servir de referência à contagem de um tempo (implementar um relógio)
 774           	; Entradas:  void
 775           	; Saidas:    R0 - valor atual do sysclk (16 bits)
 776           	; Efeitos:   *** Para completar ***
 777           	time_get_ref:
 778 0224 0E 24		PUSH LR
 779           	
 780 0226 18 5C		BL sysclk_get_ticks
 781           	
 782 0228 0F 04		POP PC
 783           	;time_get_ref
 784           	
 785           	; Rotina:    time_elapsed
 786           	; Descricao: Retorna o número de ticks passados desde o tempo de referência
 787           	; Entradas:  R0 - tempo de referência (quando se iniciou a contagem de tempo)
 788           	; Saidas:    R0 - número de ticks passados desde tempo de referência (now-ref : de notar que o resultado da diferença continua a ser válido se now<ref)
 789           	; Efeitos:   *** Para completar ***
 790           	time_elapsed:
 791 022A 0E 24		PUSH LR
 792           	
 793 022C 01 B0		MOV R1, R0
 794           	
 795 022E 14 5C		BL sysclk_get_ticks		; Retorna o valor atual do sysclock
 796           	
 797 0230 80 88		SUB R0, R0, R1			; Calcula a diferença entre o tempo atual (sysclk) e o valor referncia (sysclk antigo)
 798           	
 799 0232 0F 04		POP PC
 800           	;time_elapsed
 801           	
 802           	/************************************************************************************
 803           	 * HAL sys_clk
 804           	 ************************************************************************************/
 805           	; Rotina:    isr
 806           	; Descricao: Incrementa o valor da variável global sysclk.
 807           	; Entradas:  -
 808           	; Saidas:    -
 809           	; Efeitos:   *** Para completar ***
 810           	isr:
 811 0234 0E 24		PUSH	LR
 812 0236 01 24		PUSH	r1
 813 0238 00 24		PUSH	r0
 814           		
 815 023A 26 5C		BL 		ptc_clr_irq
 816           	
 817 023C 00 0D		LDR		r0, SYSCLK_ADDR
 818 023E 01 00		LDR		r1, [r0, #0]
 819 0240 91 A0		ADD		r1, r1, #1
 820 0242 01 20		STR		r1, [r0, #0]
 821 0244 00 04		POP		r0
 822 0246 01 04		POP		r1	
 823 0248 0E 04		POP		LR 
 824           	
 825 024A 20 B0		MOVS	pc, lr
 826           	
 827           	
 828           	; Rotina:    sysclk_init
 829           	; Descricao: Inicia uma nova contagem no periferico pTC com o intervalo de
 830           	;            contagem recebido em R0, em ticks, limpando eventuais pedidos de
 831           	;            interrupção pendentes e iniciando com o valor zero a variavel
 832           	;            global sysclk.
 833           	;            Interface exemplo: void sysclk_init( uint8_t interval );
 834           	; Entradas:  R0 - Valor do novo intervalo de contagem, em ticks.
 835           	; Saidas:    -
 836           	; Efeitos:   Inicia a contagem no periférico a partir do valor zero, limpando
 837           	;            eventuais pedidos de interrupção pendentes e iniciando com o
 838           	;            valor zero a variavel global sysclk
 839           	sysclk_init:
 840 024C 0E 24		PUSH	lr
 841 024E 71 0C		LDR		r1, SYSCLK_ADDR
 842 0250 02 60		MOV		r2, #0
 843 0252 12 20		STR 	r2, [r1]
 844 0254 05 5C		BL		ptc_init
 845 0256 0F 04		POP		pc
 846           		
 847           	; Rotina:    sysclk_get_ticks
 848           	; Descricao: Devolve o valor corrente da variável global sysclk.
 849           	;            Interface exemplo: uint16_t sysclk_get_ticks ( );
 850           	; Entradas:  -
 851           	; Saidas:    *** Para completar ***
 852           	; Efeitos:   -
 853           	sysclk_get_ticks:
 854 0258 20 0C		LDR		r0, SYSCLK_ADDR
 855 025A 00 00		LDR		r0, [r0]
 856 025C 0F B7		MOV		pc, lr
 857           	
 858           	
 859          	.align 1
 860 025E B0 02	SYSCLK_ADDR: .word	sysclk
 861           	
 862           	
 863           	/************************************************************************************
 864           	 * Gestor de periférico para o Pico Timer/Counter (pTC): HAL pTC
 865           	 ************************************************************************************/
 866           	; Rotina:    ptc_init
 867           	; Descricao: Faz a iniciacao do periférico pTC, habilitando o seu funcionamento
 868           	;            em modo contínuo e com o intervalo de contagem recebido em R0, em
 869           	;            ticks.
 870           	;            Interface exemplo: void ptc_init( uint8_t interval );
 871           	; Entradas:  R0 - Valor do novo intervalo de contagem, em ticks.
 872           	; Saidas:    -
 873           	; Efeitos:   Inicia a contagem no periferico a partir do valor zero, limpando
 874           	;            o pedido de interrupcao eventualmente pendente.
 875           	ptc_init:
 876 0260 0E 24	    PUSH    lr
 877 0262 00 24		PUSH	r0
 878 0264 0A 5C		BL 		ptc_stop
 879 0266 00 04		POP		r0
 880 0268 21 0D		LDR		r1, PTC_ADDR
 881 026A 10 29		STRB	r0, [r1, #PTC_TMR_ADDRESS]
 882 026C 0D 5C	    BL  	ptc_clr_irq
 883 026E 01 5C		BL 		ptc_start
 884 0270 0F 04		POP pc
 885           	
 886           	
 887           	
 888           	; Rotina:    ptc_start
 889           	; Descricao: Habilita a contagem no periferico pTC.
 890           	;            Interface exemplo: void ptc_start( );
 891           	; Entradas:  -
 892           	; Saidas:    -
 893           	; Efeitos:   -
 894           	ptc_start:
 895 0272 D0 0C		LDR		r0, PTC_ADDR
 896 0274 01 60		MOV		r1, #PTC_CMD_START
 897 0276 01 2A		STRB	r1, [r0, #PTC_TC_ADDRESS]
 898 0278 0F B7		MOV		pc, lr
 899           	
 900           	; Rotina:    ptc_stop
 901           	; Descricao: Para a contagem no periferico pTC.
 902           	;            Interface exemplo: void ptc_stop( );
 903           	; Entradas:  -
 904           	; Saidas:    -
 905           	; Efeitos:   O valor do registo TC do periferico e colocado a zero.
 906           	ptc_stop:
 907 027A 90 0C		LDR		r0, PTC_ADDR
 908 027C 11 60		MOV		r1, #PTC_CMD_STOP
 909 027E 01 2A		STRB	r1, [r0, #PTC_TC_ADDRESS]
 910 0280 0F B7		MOV		pc, lr
 911           	
 912           	; Rotina:    ptc_get_value
 913           	; Descricao: Devolve o valor corrente da contagem do periferico pTC.
 914           	;            Interface exemplo: uint8_t ptc_get_value( );
 915           	; Entradas:  -
 916           	; Saidas:    R0 - O valor corrente do registo TC do periferico.
 917           	; Efeitos:   -
 918           	ptc_get_value:
 919 0282 51 0C		LDR		r1, PTC_ADDR
 920 0284 10 0A		LDRB	r0, [r1, #PTC_TC_ADDRESS]
 921 0286 0F B7		MOV		pc, lr
 922           	
 923           	; Rotina:    ptc_clr_irq
 924           	; Descricao: Sinaliza o periferico pTC que foi atendido um pedido de
 925           	;            interrupção.
 926           	;            Interface exemplo: void ptc_clr_irq( );
 927           	; Entradas:  -
 928           	; Saidas:    -
 929           	; Efeitos:   -
 930           	ptc_clr_irq:
 931 0288 20 0C		LDR		r0, PTC_ADDR
 932 028A 01 2B		STRB	r1, [r0, #PTC_TIR_ADDRESS]
 933 028C 0F B7		MOV		pc, lr
 934           	
 935           	PTC_ADDR:
 936 028E 00 FF		.word	PTC_ADDRESS
 937           	
 938           	
 939           	
 940           	moles_red:
 941 0290 01		.byte 0x01
 942 0291 04	    .byte 0x04
 943 0292 10	    .byte 0x10
 944 0293 40	    .byte 0x40
 945           	
 946           	moles_green:
 947 0294 02		.byte 0x02
 948 0295 08	    .byte 0x08
 949 0296 20	    .byte 0x20
 950 0297 80	    .byte 0x80
 951           	
 952           	moles_yellow:
 953 0298 03		.byte 0x03
 954 0299 0C	    .byte 0x0C
 955 029A 30	    .byte 0x30
 956 029B C0	    .byte 0xC0
 957           	
 958           	;1KHZ
 959           	period: 
 960 029C D0 07	    .word 0x7D0 ; 10  s
 961 029E E7 05	    .word 0x5E7 ; 9	  s
 962 02A0 79 04	    .word 0x479 ; 7	  s
 963 02A2 47 03	    .word 0x347 ; 5	  s
 964 02A4 20 03	    .word 0x320 ; 4	  s
 965 02A6 F8 01		.word 0x1F8 ; 3	  s
 966 02A8 4F 01	    .word 0x14F ; 2	  s
 967 02AA A7 00		.word 0xA7 	; 1	  s
 968           	
 969           	
 970           	; Seccao:    data
 971           	; Descricao: Guarda as variaveis globais
 972           	;
 973           		.data
 974 02AC 00   	dificulty_time:	.space	2
 974 02AD 00
 975 02AE 00   	outport_img: 	.space	1
 976 02AF 00   	last_play:   	.space	1
 977 02B0 00   	sysclk:			.space	2
 977 02B1 00
 978           	
 979           	moles_position: ; GUARDAR AS POSIÇÕES EM 8 BITS.
 980 02B2 20		.byte 0x20	; RONDA 1  => [ _1__ ]
 981 02B3 80		.byte 0x80	; RONDA 2  => [ 1___ ]
 982 02B4 02		.byte 0x02	; RONDA 3  => [ ___1 ]
 983 02B5 08		.byte 0x08	; RONDA 4  => [ __1_ ]
 984 02B6 22		.byte 0x22	; RONDA 5  => [ _1__ ]
 985 02B7 88		.byte 0x88	; RONDA 6  => [ 1_1_ ]
 986 02B8 22		.byte 0x22	; RONDA 7  => [ _1_1 ]
 987 02B9 28		.byte 0x28	; RONDA 8  => [ _11_ ]
 988 02BA 82		.byte 0x82	; RONDA 9  => [ 1_1_ ]
 989 02BB 28		.byte 0x28	; RONDA 10 => [ _11_ ]
 990           	
 991           	
 992           	; Seccao:    stack
 993           	; Descricao: Implementa a pilha com a dimensao definida pelo simbolo STACK_SIZE
 994           	;
 995           		.stack
 996 02BC 00   		.space	STACK_SIZE
 996 .... ..
 996 02FB 00
 997           	stack_top:
 998           	
 999           	
1000           	; SE A FREQ FOR 100kH, dá 0.01ms por cada contagem de clock. Se for até 255, dá no maximo 2,5ms
1001           	; SE A FREQ FOR 1kH, dá 1ms por cada contagem de clock. Se for até 255, dá no maximo 255ms
1002           	
1003           	; COM 1KHZ
1004           	; 	TEMPO		CICLOS	PL		
1005           	; 	0.5	s		84		83	 	[0x53]
1006           	; 	1	s		168		167		[0xA7]
1007           	; 	2	s		336		335		[0x14F]
1008           	; 	3	s		504		503		[0x1F7]
1009           	; 	4	s		672		671		[0x29F]
1010           	; 	5	s		840		839		[0x347]
1011           	; 	6	s		1008	1007	[0x3EF]
1012           	; 	7	s		1176	1175	[0x479]
1013           	; 	8	s		1344	1343	[0x53F]
1014           	; 	9	s		1512	1511	[0x5E7]
1015           	; 	10	s		1680	1679	[0x68F]
1016           	; 
1017           	
1018           	
1018           	
