P16 assembler v1.5 (Feb  9 2024)	c:\Users\oleir\Desktop\Coding\Assembly\P16\H2P_AC\Projeto\projeto.lst	Fri May 29 14:59:16 2026

Sections
Index   Name            Address   Size
0       .text           0000      0225 549
1       .data           0226      000F 15
2       .stack          0236      0040 64

Symbols
Name                    Type      Value       Section
ALL_GREEN_LIGHTS        ABSOLUTE  00AA 170    .text
ALL_RED_LIGHTS          ABSOLUTE  0055 85     .text
ALL_YELLOW_LIGHTS       ABSOLUTE  00FF 255    .text
check_if_any_mole_left  LABEL     016A 362    .text
check_mole_position     LABEL     0174 372    .text
check_mole_return       LABEL     017E 382    .text
clear_lights            LABEL     0144 324    .text
convert_end             LABEL     0128 296    .text
convert_moleinput_moleoutput LABEL     011E 286    .text
convert_while           LABEL     0120 288    .text
detect_cycle            LABEL     0028 40     .text
detect_play             LABEL     00C0 192    .text
diff_addr               LABEL     011C 284    .text
dificulty_time          LABEL     0226 550    .data
ENABLE_EXTINT           ABSOLUTE  0010 16     .text
falling_edge_v2         LABEL     00CE 206    .text
game_finished           LABEL     000E 14     .text
game_finished_loss      LABEL     001A 26     .text
game_finished_vitory    LABEL     0016 22     .text
game_round              LABEL     0052 82     .text
game_round_loop         LABEL     0058 88     .text
game_setup_fun          LABEL     001E 30     .text
game_setup_return       LABEL     0030 48     .text
game_start_fun          LABEL     0032 50     .text
game_start_return       LABEL     004C 76     .text
game_start_signal       LABEL     013C 316    .text
get_mole_green          LABEL     0132 306    .text
get_mole_red            LABEL     012C 300    .text
if_mole_hit_change_color LABEL     009C 156    .text
inport_read             LABEL     01A6 422    .text
input_port_addr         LABEL     01AC 428    .text
INPUTPORT_ADDR          ABSOLUTE  FFB0 65456  .text
INT_CS_ADDRESS          ABSOLUTE  FF00 65280  .text
isr                     LABEL     01B2 434    .text
last_play               LABEL     0228 552    .data
last_play_addr          LABEL     00DC 220    .text
losing_lights           LABEL     0086 134    .text
losing_loop             LABEL     008A 138    .text
losing_retur            LABEL     009A 154    .text
main                    LABEL     000A 10     .text
moles_green             LABEL     0212 530    .text
moles_green_addr        LABEL     013A 314    .text
moles_position          LABEL     022B 555    .data
moles_position_addr     LABEL     00BE 190    .text
moles_red               LABEL     020E 526    .text
moles_red_addr          LABEL     0138 312    .text
moles_yellow            LABEL     0216 534    .text
next_round              LABEL     003C 60     .text
NO_LIGHTS               ABSOLUTE  0000 0      .text
out_port_addr           LABEL     01AE 430    .text
out_port_img_addr       LABEL     01B0 432    .text
OUTPORT_ADDRESS         ABSOLUTE  FFC0 65472  .text
outport_clr_bits        LABEL     018C 396    .text
outport_img             LABEL     0227 551    .data
outport_set_bits        LABEL     0180 384    .text
outport_write           LABEL     019A 410    .text
period                  LABEL     021A 538    .text
period_addr             LABEL     011A 282    .text
program                 LABEL     0004 4      .text
PTC_ADDR                LABEL     020C 524    .text
PTC_ADDRESS             ABSOLUTE  FF00 65280  .text
ptc_clr_irq             LABEL     0206 518    .text
PTC_CMD_START           ABSOLUTE  0000 0      .text
PTC_CMD_STOP            ABSOLUTE  0001 1      .text
ptc_get_value           LABEL     0200 512    .text
ptc_init                LABEL     01DE 478    .text
ptc_start               LABEL     01F0 496    .text
ptc_stop                LABEL     01F8 504    .text
PTC_TC_ADDRESS          ABSOLUTE  0002 2      .text
PTC_TCR_ADDRESS         ABSOLUTE  0000 0      .text
PTC_TIR_ADDRESS         ABSOLUTE  0003 3      .text
PTC_TMR_ADDRESS         ABSOLUTE  0001 1      .text
read_and_save_game_dificulty LABEL     00F2 242    .text
read_marreta            LABEL     014C 332    .text
return_game             LABEL     001C 28     .text
show_moles_state        LABEL     00B2 178    .text
sleep                   LABEL     0104 260    .text
sleep_end               LABEL     0118 280    .text
sleep_inner_loop        LABEL     0110 272    .text
sleep_outer_loop        LABEL     010C 268    .text
STACK_SIZE              ABSOLUTE  0040 64     .text
stack_top               LABEL     0276 630    .stack
stack_top_addr          LABEL     0008 8      .text
start_up_interruptions  LABEL     00DE 222    .text
sysclk                  LABEL     0229 553    .data
SYSCLK_ADDR             LABEL     01DC 476    .text
sysclk_get_ticks        LABEL     01D6 470    .text
SYSCLK_INIT             ABSOLUTE  0064 100    .text
sysclk_init             LABEL     01CA 458    .text
time_elapsed            LABEL     01B2 434    .text
time_get_ref            LABEL     01B2 434    .text
turn_mole_red           LABEL     0156 342    .text
victory_retur           LABEL     0084 132    .text
vitory_lights           LABEL     0070 112    .text
vitory_loop             LABEL     0074 116    .text

Code listing
   1           	; Definicao dos valores dos simbolos utilizados no programa
   2           	;
   3          		.equ	STACK_SIZE, 64              ; Dimensao do stack, em bytes
   4          		.equ	ENABLE_EXTINT, 0x10         ; Ativa a flag I do CPSR (ativa as interrupcoes)
   5          		.equ	OUTPORT_ADDRESS, 0xFFC0     ; Endereco do porto de saida
   6          		.equ 	INPUTPORT_ADDR, 0xFFB0		; Endereco do porto de entrada
   7           	
   8          		.equ 	ALL_GREEN_LIGHTS, 0xAA
   9          		.equ 	ALL_RED_LIGHTS, 0x55
  10          		.equ 	ALL_YELLOW_LIGHTS, 0xFF
  11          		.equ 	NO_LIGHTS, 0x00
  12           	
  13          		.equ	PTC_ADDRESS, 0xFF00      	; Endereco do circuito pTC
  14          		.equ	INT_CS_ADDRESS, 0xFF00      ; Local em memória para ativar o [nCS_EXT0] Chip select [FF00 a FF3F]
  15          	    .equ	PTC_TCR_ADDRESS, 0     		; Endereço de memória para ativar o [TCR Register] do pTC [0xFF00]
  16          		.equ	PTC_TMR_ADDRESS, 1     		; Endereço de memória para ativar o [TMR Register] do pTC [0xFF02]
  17          		.equ	PTC_TC_ADDRESS, 2     		; Endereço de memória para ativar o [TC Register] do pTC [0xFF04]
  18          		.equ	PTC_TIR_ADDRESS, 3			; Endereço de memória para ativar o [TIR Register] do pTC [0xFF06]
  19          		.equ	PTC_CMD_START, 0			; Comando para iniciar a contagem no pTC
  20          		.equ	PTC_CMD_STOP, 1				; Comando para parar a contagem no pTC
  21           	
  22          		.equ	SYSCLK_INIT, 100              ; Valor inicial do sysclk
  23           		
  24           	
  25           	
  26           	; Seccao:    text
  27           	; Descricao: Guarda o codigo do programa
  28           	;
  29           		.text
  30 0000 01 58		b	program
  31 0002 D7 58		b	isr
  32           	program:
  33 0004 1D 0C		LDR	sp, stack_top_addr
  34 0006 01 58	    b   main
  35           	
  36           	stack_top_addr:
  37 0008 76 02		.word	stack_top
  38           	
  39           	; Rotina:    MAIN Function
  40           	; Descricao: -
  41           	; Entradas:  -
  42           	; Saidas:    -
  43           	; Efeitos:   -
  44           	main:
  45           		
  46           		;BL game_setup_fun
  47 000A 13 5C		BL game_start_fun
  48           		;BL game_finished
  49           		
  50 000C FE 5B		B main
  51           		
  52           	;; END MAIN
  53           	
  54           	
  55           	;
  56           	; >> Função GAME FINISHED << Rotina que é executada depois do jogo terminar, 
  57           	;	quer por tempo terminado ou por concluir as rondas todas
  58           	; Tipo: - NAO FOLHA -
  59           	; Parametros de entrada:
  60           	;	R0 -> Estado do jogo [0 - DERROTA; 1 - VITORIA]
  61           	; variaveis locais:
  62           	;	R1 -> i (para o ciclo)
  63           	; Parametros de saida:
  64           	;   VOID
  65           	;
  66           	game_finished:
  67 000E 0E 24		PUSH LR
  68           	
  69 0010 01 60		MOV R1, #0
  70 0012 10 B8		CMP R1, R0
  71           	
  72 0014 02 40		BEQ game_finished_loss
  73           	
  74           	game_finished_vitory:
  75 0016 2C 5C		BL vitory_lights
  76 0018 01 58		B return_game
  77           	
  78           	game_finished_loss:
  79 001A 35 5C		BL losing_lights
  80           	
  81           	return_game:
  82           	
  83 001C 0F 04		POP PC
  84           	;END GAME_FINISHED
  85           	
  86           	;
  87           	; >> Função GAME SETUP << Rotina que prepeara o inicio do jogo. 
  88           	;	Inicia o PicoTimer, Faz enable ás interrupções, Lê a dificuldade do jogo posta no inputport e 
  89           	;	deteta o primeiro input para iniciar o jogo
  90           	; Tipo: - NAO FOLHA -
  91           	; Parametros de entrada:
  92           	;	-
  93           	; variaveis locais:
  94           	;	R1 -> i (Mascara usada para definir qual o input que estamos a "detetar")
  95           	; Parametros de saida:
  96           	;   VOID
  97           	;
  98           	game_setup_fun:
  99 001E 0E 24		PUSH LR
 100           		
 101 0020 8D 5C		BL game_start_signal 
 102 0022 67 5C		BL read_and_save_game_dificulty ; Lê e grava em memória o tempo selecionado para a ronda
 103 0024 5C 5C		BL start_up_interruptions		; PROCESSO DE INICIALIZAÇÃO DAS INTERRUPÇÕES
 104 0026 D1 5C		BL sysclk_init
 105           	detect_cycle:
 106 0028 11 60		MOV R1, #0x01
 107 002A 4A 5C		BL detect_play
 108 002C 80 C0		AND R0, R0, R1
 109           		
 110 002E FC 43		BZS detect_cycle
 111           	game_setup_return:
 112 0030 0F 04		POP PC
 113           	;; END Game_Setup_Fun
 114           	
 115           	
 116           	;
 117           	; >> Função GAME START << Rotina que inicializa o jogo. 
 118           	;	Limpa os LEDS da placa, lê as posições do array das toupeiras com base no nº da ronda
 119           	;	INICIA a rounda e no final, se houver o jogador vender, incrementa a ronda e recomeça o jogo
 120           	; Tipo: - NAO FOLHA -
 121           	; Parametros de entrada:
 122           	;	-
 123           	; variaveis locais:
 124           	;	R5 -> rondaNum (Número da ronda que é incrementado após a ronda anterior terminar com uscesso)
 125           	; Parametros de saida:
 126           	;   VOID
 127           	;
 128           	game_start_fun:
 129 0032 0E 24		PUSH LR
 130 0034 04 24		PUSH R4
 131 0036 05 24		PUSH R5
 132 0038 85 5C		BL clear_lights
 133           	
 134 003A 05 60		MOV R5, #0						;Nº DA RONDA 
 135           	next_round:
 136 003C 80 B2		MOV R0, R5						;Nº DA RONDA 
 137 003E 39 5C		BL show_moles_state				;CARREGA AS POSIÇÕES DAS TOUPEIRAS A PARTIR DO ARRAY em R0
 138           	
 139 0040 08 5C		BL game_round
 140           	
 141 0042 D5 A0		ADD R5, R5, #1					; INCREMENTA O Nº DA RONDA
 142 0044 7F 5C		BL clear_lights
 143 0046 50 60		MOV R0, #5
 144 0048 5D 5C		BL sleep
 145 004A F8 5B		B next_round
 146           	
 147           	game_start_return:
 148 004C 04 04		POP R4
 149 004E 05 04		POP R5
 150 0050 0F 04		POP PC
 151           	;; END Game_Start_Fun
 152           	
 153           	
 154           	
 155           	; Rotina:    game_round
 156           	; Descricao: 
 157           	; Entradas:  R0 -> posicoes das toupeiras
 158           	; Saidas:    -
 159           	; Efeitos:  
 160           	game_round:
 161 0052 0E 24		PUSH LR
 162 0054 04 24		PUSH R4
 163           	
 164 0056 04 B0		MOV R4, R0
 165           	
 166           	game_round_loop:
 167 0058 F1 60		MOV R1, #0x0F
 168 005A 32 5C		BL detect_play			; DEVOLVE A MASCARA DOS INPUTS DETETADOS
 169 005C 00 C0		AND R0, R0, R0			; SE ESTIVER A ZERO, NAO HOUVE INPUTS E CONTINUA
 170           		
 171 005E FC 43		BZS game_round_loop
 172           		
 173 0060 01 B2		MOV R1, R4
 174 0062 1C 5C		BL if_mole_hit_change_color
 175           	
 176 0064 F9 43		BZS game_round_loop
 177           		
 178 0066 81 5C		BL check_if_any_mole_left
 179 0068 00 C0		AND R0, R0, R0
 180           		
 181 006A F6 47		BZC game_round_loop					; SE FOR ZERO É PORQUE NAO HA MAIS TOUPEIRAS POR MATAR
 182           	
 183 006C 04 04		POP R4
 184 006E 0F 04		POP PC
 185           	
 186           	
 187           	
 188           	
 189           	
 190           	; Rotina:    vitory_lights
 191           	; Descricao: 
 192           	; Entradas:  -
 193           	; Saidas:    -
 194           	; Efeitos:  
 195           	vitory_lights:
 196 0070 0E 24		PUSH LR
 197           		
 198 0072 31 60		MOV R1, #3
 199           	
 200           	vitory_loop:
 201 0074 A0 6A		MOV R0, #ALL_GREEN_LIGHTS
 202 0076 91 5C		BL outport_write
 203           		
 204 0078 20 60		MOV R0, #2
 205 007A 44 5C		BL sleep
 206           	
 207 007C 63 5C		BL clear_lights
 208 007E 91 A8		SUB R1, R1, #1
 209 0080 01 40		BZS victory_retur
 210 0082 F8 5B		B vitory_loop
 211           	
 212           	victory_retur:
 213 0084 0F 04		POP PC
 214           	;END
 215           	
 216           	; Rotina:    losing_lights
 217           	; Descricao: 
 218           	; Entradas:  -
 219           	; Saidas:    -
 220           	; Efeitos:  
 221           	losing_lights:
 222 0086 0E 24		PUSH LR
 223           		
 224 0088 31 60		MOV R1, #3
 225           	
 226           	losing_loop:
 227 008A 50 65		MOV R0, #ALL_RED_LIGHTS
 228 008C 86 5C		BL outport_write
 229           		
 230 008E 20 60		MOV R0, #2
 231 0090 39 5C		BL sleep
 232           	
 233 0092 58 5C		BL clear_lights
 234 0094 91 A8		SUB R1, R1, #1
 235 0096 01 40		BZS losing_retur
 236 0098 F8 5B		B losing_loop
 237           	
 238           	losing_retur:
 239 009A 0F 04		POP PC
 240           	;END
 241           	
 242           	; Rotina:    if_mole_hit_change_color
 243           	; Descricao: 
 244           	; Entradas:  R0 -> mascara de hits detetada
 245           	; Entradas:  R1 -> posicoes das toupeiras
 246           	; Saidas:    -
 247           	; Efeitos:  
 248           	if_mole_hit_change_color:
 249 009C 0E 24		PUSH LR
 250 009E 04 24		PUSH R4
 251           	
 252 00A0 84 B0		MOV R4, R1
 253           	
 254 00A2 3D 5C		BL convert_moleinput_moleoutput	; FICA EM R0 o index da marretada detetada
 255 00A4 05 B0		MOV R5, R0
 256           	
 257 00A6 45 5C		BL get_mole_green 				; VAI BUSCAR A MASCARA QUE REPRESENTA OS LEDS VERDES NO INDEX DA MARRETA
 258 00A8 00 C2		AND R0, R0, R4
 259           	
 260 00AA 80 B2		MOV R0, R5
 261 00AC 54 5C		BL turn_mole_red				; APAGA O LED VERDE E ACENDE O RESPETIVO LED VERDE
 262           	
 263 00AE 04 04		POP R4
 264 00B0 0F 04		POP PC
 265           	; end_is_mole_hit
 266           	
 267           	
 268           	
 269           	
 270           	; Rotina:    show_moles_state
 271           	; Descricao: 
 272           	; Entradas:  R0 -> INDEX da ronda
 273           	; Saidas:    -
 274           	; Efeitos:  
 275           	show_moles_state:
 276 00B2 0E 24		PUSH LR
 277           		
 278 00B4 42 0C		LDR R2, moles_position_addr
 279 00B6 23 18		LDRB R3, [R2, R0]
 280           	
 281 00B8 80 B1		MOV R0, R3
 282 00BA 6F 5C		BL outport_write
 283           	
 284 00BC 0F 04		POP PC
 285           	; END SHOW_MOLES_STATE
 286           	
 287           	
 288           	
 289 00BE 2B 02	moles_position_addr: .word moles_position
 290           	
 291           	
 292           	; Rotina:    detect play
 293           	; Descricao: Verifica se é detetada uma transição descendente em qualquer um dos primeiros 4 bits
 294           	; Entradas:  -
 295           	; Saidas:    -
 296           	; Efeitos:   
 297           	detect_play:
 298 00C0 0E 24		PUSH LR
 299 00C2 04 24		PUSH R4
 300           		
 301 00C4 43 5C		BL read_marreta 				; Lê e retorna os 4 bits de menor peso R0
 302 00C6 F1 60		MOV R1, #0x0F
 303 00C8 02 5C		BL falling_edge_v2
 304           	
 305 00CA 04 04		POP R4
 306 00CC 0F 04		POP PC
 307           	
 308           	;END DETECT_PLAY
 309           	
 310           	
 311           	
 312           	; Entradas:  r0 - valor lido o porto de entrada
 313           	; 			 r1 - Mascara inicial 
 314           	falling_edge_v2:
 315 00CE 62 0C		LDR	 r2, last_play_addr
 316 00D0 23 08		LDRB r3, [r2]	; VALOR EM MEMORIA
 317           	
 318 00D2 20 28		STRB r0, [r2]	; ATUALIZA EM MEMORIA
 319           	
 320 00D4 10 B0		MVN R0, R0		; INVERTE OS BITS 
 321 00D6 80 C1		AND R0, R0, R3	
 322           	
 323 00D8 80 C0		AND R0, R0, R1 ; FILTRA OS 4 BITS menos significativos 
 324 00DA 0F B7		MOV PC, LR
 325           	
 326           	last_play_addr:
 327 00DC 28 02		.word	last_play
 328           	
 329           	
 330           	; START_UP
 331           	; Rotina que inicializa o programa.
 332           	start_up_interruptions:
 333 00DE 0E 24		PUSH LR
 334           	
 335 00E0 5C 5C		BL	outport_write		 					; Escreve o zero no output port
 336 00E2 00 60		MOV	r0, #INT_CS_ADDRESS & 0xFF				; CARREGA O ENDEREÇO DE MEMÓRIA DO INT_CS
 337 00E4 F0 7F		MOVT	r0, #(INT_CS_ADDRESS >> 8) & 0xFF	; CARREGA O ENDEREÇO DE MEMÓRIA DO INT_CS		
 338 00E6 00 28		STRB	r0, [r0, #0]						; Faz um STOREB para ativar o sinal nWrL
 339           	
 340 00E8 60 B0		mrs	r0, cpsr								; Passa as flags para o R0
 341 00EA 01 61		MOV	r1, #ENABLE_EXTINT						; Passa para R1 a mascara que ativa a flag I
 342 00EC 80 C8		orr	r0, r0, r1								; Realiza um OR bit a bit entre R0 e R1
 343 00EE 40 B0		msr	cpsr, r0								; Passa as novas flags atualizadas para o registo CPSR
 344           	
 345 00F0 0F 04		POP PC
 346           	;END interruption
 347           	
 348           	
 349           	
 350           	;
 351           	; >> Função READ_GAME_DIFICULTY <<
 352           	; Tipo: - FOLHA -
 353           	; Parametros de entrada:
 354           	;	-
 355           	; variaveis locais:
 356           	;	-
 357           	; Parametros de saida:
 358           	;   R0 -> 
 359           	;
 360           	read_and_save_game_dificulty: 
 361 00F2 0E 24		PUSH LR
 362 00F4 58 5C		BL inport_read
 363           	
 364           		; Só precisamos dos 3 bits mais significativos
 365 00F6 02 6E		MOV R2, #0xE0
 366 00F8 00 C1		AND R0, R0, R2
 367           	
 368 00FA F1 0C		LDR r1, period_addr	; Carrega o endereço do array
 369 00FC 10 18		LDRB r0, [R1, R0]	; Carrega do array a posição R0
 370           	
 371 00FE E1 0C		LDR r1, diff_addr	; Carrega o endereço da variavel
 372 0100 10 28		STRB r0, [R1]		; Guarda o valor obtido do array na variável
 373           	
 374           	
 375 0102 0F 04		POP PC
 376           	; END
 377           	
 378           	
 379           	; Rotina:    sleep
 380           	; Descricao: Faz um atraso de tempo de #1 em r0 e r1
 381           	; Entradas:  Recebe r0
 382           	; Saidas:    Não têm
 383           	; Efeitos:   Altera os registos R0 e R1
 384           	sleep:
 385           	
 386 0104 A1 0C		LDR r1, period_addr	; Carrega o endereço do array
 387 0106 10 18		LDRB r0, [R1, R0]	; Carrega do array a posição R0
 388           	
 389 0108 00 C0		and	r0, r0, r0
 390 010A 06 40		beq	sleep_end
 391           	sleep_outer_loop:
 392 010C E1 63		MOV	r1, #0x3E
 393 010E 31 70		MOVT r1, #0x03
 394           	sleep_inner_loop:
 395 0110 91 A8		sub	r1, r1, #1
 396 0112 FE 47		bne	sleep_inner_loop
 397 0114 80 A8		sub	r0, r0, #1
 398 0116 FA 47		bne	sleep_outer_loop
 399           	sleep_end:
 400 0118 0F B7		MOV	pc, lr
 401           	
 402           	
 403 011A 1A 02	period_addr:  		.word period
 404 011C 26 02	diff_addr:   		.word dificulty_time
 405           	
 406           	
 407           	
 408           	;
 409           	; >> Função CONVERT_MOLEINPUT_MOLEOUTPUT <<
 410           	; Tipo: - FOLHA -
 411           	; Parametros de entrada:
 412           	;   uint4_t num_ -------> r0
 413           	;
 414           	; variaveis locais:
 415           	;   uint8_t contador  --> r2
 416           	;
 417           	; Parametros de saida:
 418           	;   uint8_t ---------> r0
 419           	;
 420           	convert_moleinput_moleoutput:
 421 011E 01 60		MOV R1, #0
 422           	convert_while:
 423           	
 424 0120 80 E8	    LSR r0, r0, #1          
 425 0122 02 40		BZS convert_end
 426 0124 91 A0	    ADD r1, r1, #1          ; m => contador; m--
 427 0126 FC 5B	    B	convert_while
 428           	
 429           	convert_end:
 430 0128 80 B0		MOV R0, R1
 431 012A 0F B7		MOV PC, LR
 432           	; END CONVERT
 433           	
 434           	
 435           	; GETMOLE_RED
 436           	; Retorna a posição do LED vermelho do output port com base na posição como parametro.  
 437           	; R0 -> Nº da toupeira [4bits]
 438           	get_mole_red:
 439 012C 51 0C		LDR R1, moles_red_addr
 440 012E 10 18		LDRB R0, [R1, R0]
 441           	
 442 0130 0F B7		MOV PC, LR
 443           	
 444           	
 445           	; GETMOLE_GREEN
 446           	; Retorna a posição do LED verde do output port com base na posição como parametro.  
 447           	; R0 -> Nº da toupeira [4bits]
 448           	get_mole_green:
 449 0132 31 0C		LDR R1, moles_green_addr
 450 0134 10 18		LDRB R0, [R1, R0]
 451           	
 452 0136 0F B7		MOV PC, LR
 453           	
 454           	;END
 455           	
 456           	
 457           	
 458           	
 459 0138 0E 02	moles_red_addr:  .word moles_red
 460 013A 12 02	moles_green_addr:  .word moles_green
 461           	
 462           	;
 463           	; >> Função GAME START SIGNAL << Coloca todos os leds a laranja
 464           	; Tipo: - FOLHA -
 465           	; Parametros de entrada:
 466           	;	-
 467           	; variaveis locais:
 468           	;	-
 469           	; Parametros de saida:
 470           	;   - 
 471           	;
 472           	game_start_signal: 
 473 013C 0E 24		PUSH LR
 474 013E F0 6F		MOV R0, #ALL_YELLOW_LIGHTS ; Coloca todos os 8 bits do output a 1, que significa ativar o RED e GREEN simultaneamente
 475           	
 476 0140 1F 5C		BL outport_set_bits
 477           	
 478 0142 0F 04		POP PC
 479           	; END
 480           	
 481           	;
 482           	; >> Função CLEAR LIGHTS << Desliga todos os leds
 483           	; Tipo: - NAO FOLHA -
 484           	; Parametros de entrada:
 485           	;	-
 486           	; variaveis locais:
 487           	;	-
 488           	; Parametros de saida:
 489           	;   - 
 490           	;
 491           	clear_lights: 
 492 0144 0E 24		PUSH LR
 493 0146 00 60		MOV R0, #NO_LIGHTS 
 494           	
 495 0148 28 5C		BL outport_write
 496           	
 497 014A 0F 04		POP PC
 498           	; END
 499           	
 500           	;
 501           	; >> Função READ_MARRETA << Lê os 4bits menos significativos do inputport
 502           	; Tipo: - NAO FOLHA -
 503           	; Parametros de entrada:
 504           	;	-
 505           	; variaveis locais:
 506           	;	-
 507           	; Parametros de saida:
 508           	;   - 
 509           	;
 510           	read_marreta:
 511 014C 0E 24		PUSH LR
 512           	
 513 014E F1 60		MOV R1, #0x0F
 514 0150 2A 5C		BL inport_read
 515 0152 80 C0		AND R0, R0, R1
 516           	
 517 0154 0F 04		POP PC
 518           	
 519           	;END READ_MARRETA
 520           	
 521           	
 522           	
 523           	; Rotina:    turn_mole_red
 524           	; Descricao: 
 525           	; Entradas:  R0 -> INDEX da toupeira
 526           	; Saidas:    -
 527           	; Efeitos:   
 528           	turn_mole_red:
 529 0156 0E 24		PUSH LR
 530 0158 04 24		PUSH R4
 531           	
 532 015A 04 B0		MOV R4, R0
 533 015C EA 5F		BL get_mole_green 
 534           		
 535 015E 16 5C		BL outport_clr_bits			; LIMPA O BIT QUE TORNA O LED VERDE NA TOUPEIRA 
 536           	
 537 0160 00 B2		MOV R0, R4
 538 0162 E4 5F		BL get_mole_red 
 539           	
 540 0164 0D 5C		BL outport_set_bits			; ATIVA O BIT QUE TORNA O LED VERMELHO NA TOUPEIRA 
 541           	
 542 0166 04 04		POP R4
 543 0168 0F 04		POP PC
 544           	;END TURN_MOLE_RED
 545           	
 546           	
 547           	; Rotina:    check_if_any_mole_left
 548           	; Descricao: 
 549           	; Entradas: 
 550           	; Saidas:    -
 551           	; Efeitos:  
 552           	check_if_any_mole_left:
 553 016A 21 0E		LDR R1, out_port_img_addr	; VAI BUSCAR O VALOR QUE ESTA VISIVEL QUE ESTA NO OUTPUTPORT
 554 016C 11 08		LDRB R1, [R1]				; VAI BUSCAR O VALOR QUE ESTA VISIVEL QUE ESTA NO OUTPUTPORT
 555           	
 556 016E A2 6A		MOV R2, #ALL_GREEN_LIGHTS	; MASCARA QUE CORRESPONDE A TODAS AS POSIÇÕES POSSIVEIS DAS TOUPEIRAS VIVAS
 557 0170 10 C1		AND R0, R1, R2
 558           	
 559 0172 0F B7		MOV PC, LR
 560           	; end check
 561           	
 562           	
 563           	; Rotina:    check_mole_position
 564           	; Descricao: 
 565           	; Entradas:  R0 -> INDEX da marretada
 566           	; Saidas:    -
 567           	; Efeitos:   
 568           	check_mole_position:
 569 0174 0E 24		PUSH LR
 570           		
 571           		
 572 0176 DD 5F		BL get_mole_green 
 573           	
 574 0178 B1 0D		LDR R1, out_port_img_addr
 575 017A 11 08		LDRB R1, [R1]
 576           	
 577 017C 80 C0		AND R0, R0, R1		; VERIFICA SE OS MESMOS BITS DO OUTPUT PORT E DA GREEN POSISTION DA TOUPEIRA SAO IGUAIS
 578           	
 579           	check_mole_return:
 580           	
 581 017E 0F 04		POP PC
 582           	;END CHECK_MOLE_POSITION
 583           	
 584           	
 585           	
 586           	
 587           	
 588           	
 589           	;;						;;
 590           	;; 		PORTS API 		;;
 591           	;; 						;;
 592           	
 593           	; OUTPORT_SET_BITS
 594           	; Introduz os BITS ao valor já no outputport através de uma mascara
 595           	; R0 -> é a mascara que será aplicada ao valor já existente no output-port
 596           	;
 597           	outport_set_bits:
 598 0180 0E 24	    PUSH LR
 599           	    
 600 0182 61 0D	    LDR r1, out_port_img_addr
 601 0184 11 08	    LDRB r1, [r1]
 602           	
 603 0186 80 C8	    ORR r0, r0, r1
 604           	
 605 0188 08 5C	    BL outport_write
 606           	    
 607 018A 0F 04	    POP PC
 608           	
 609           	; OUTPORT_CLR_BITS
 610           	; Limpa os BITS do valor já no outputport através de uma mascara
 611           	; R0 -> é a mascara que será aplicada ao valor já existente no output-port
 612           	;
 613           	outport_clr_bits:
 614 018C 0E 24	    PUSH LR
 615           	    
 616 018E 01 0D	    LDR r1, out_port_img_addr
 617 0190 11 08	    LDRB r1, [r1]
 618           	
 619 0192 10 B0	    MVN r0, r0
 620 0194 80 C0	    AND r0, r0, r1
 621           	
 622 0196 01 5C	    BL outport_write
 623           	    
 624 0198 0F 04	    POP PC
 625           	
 626           	
 627           	; Rotina:    outport_write
 628           	; Descricao: Escreve num porto de saida a 8 bits o valor passado como argumento.
 629           	;            Interface exemplo: void outport_write( uint8_t value );
 630           	; Entradas:  r0 - valor a escrever no porto de saida
 631           	; Saidas:    -
 632           	; Efeitos:   r1 - guarda o endereco do porto alvo da escrita
 633           	outport_write:
 634 019A 01 6C		MOV	 r1, #OUTPORT_ADDRESS & 0xFF
 635 019C F1 7F		MOVT r1, #(OUTPORT_ADDRESS >> 8) & 0xFF
 636 019E 10 28		STRB r0, [r1, #0]
 637           	
 638           		; É necessário guardar o ultimo valor escrito no output port para conseguirmos modificar o ultimo valor com
 639           		; uma mascara
 640           	
 641 01A0 71 0C	    LDR r1, out_port_img_addr    
 642 01A2 10 28	    STRB r0, [r1, #0]
 643           	
 644 01A4 0F B7		MOV	pc, lr
 645           	
 646           	; Rotina:    INPORT_READ
 647           	; Descricao: lê do porto de saida os 8 bits.
 648           	;            Interface exemplo: uint8_t outport_write();
 649           	; Entradas:   - 
 650           	; Saidas:    r0 - valor lido do porto de entrada
 651           	
 652           	inport_read:
 653 01A6 20 0C	    LDR r0, input_port_addr
 654 01A8 00 08	    LDRB r0, [r0]
 655 01AA 0F B7	    MOV pc, lr
 656           	
 657 01AC B0 FF	input_port_addr:	.word INPUTPORT_ADDR
 658 01AE C0 FF	out_port_addr:		.word OUTPORT_ADDRESS
 659 01B0 27 02	out_port_img_addr:  .word outport_img
 660           	
 661           	
 662           	
 663           	;;									;;
 664           	;; 			PICO TIMER API 			;;
 665           	;; 									;;
 666           	
 667           	
 668           	/************************************************************************************
 669           	 * LIB time
 670           	 ************************************************************************************/
 671           	; Rotina:    time_get_ref
 672           	; Descricao: Obtém o tempo de referência (sysclk atual) para servir de referência à contagem de um tempo (implementar um relógio)
 673           	; Entradas:  void
 674           	; Saidas:    R0 - valor atual do sysclk (16 bits)
 675           	; Efeitos:   *** Para completar ***
 676           	time_get_ref:
 677           		; Completar
 678           	
 679           	; Rotina:    time_elapsed
 680           	; Descricao: Retorna o número de ticks passados desde o tempo de referência
 681           	; Entradas:  R0 - tempo de referência (quando se iniciou a contagem de tempo)
 682           	; Saidas:    R0 - número de ticks passados desde tempo de referência (now-ref : de notar que o resultado da diferença continua a ser válido se now<ref)
 683           	; Efeitos:   *** Para completar ***
 684           	time_elapsed:
 685           		; Completar
 686           	
 687           	/************************************************************************************
 688           	 * HAL sys_clk
 689           	 ************************************************************************************/
 690           	; Rotina:    isr
 691           	; Descricao: Incrementa o valor da variável global sysclk.
 692           	; Entradas:  -
 693           	; Saidas:    -
 694           	; Efeitos:   *** Para completar ***
 695           	isr:
 696 01B2 01 24		PUSH	r1
 697 01B4 00 24		PUSH	r0
 698 01B6 00 60		MOV		r0, #INT_CS_ADDRESS & 0xFF
 699 01B8 F0 7F		MOVT	r0, #(INT_CS_ADDRESS >> 8) & 0xFF
 700 01BA 02 28		STRB	r2, [r0, #0]
 701 01BC F0 0C		LDR		r0, SYSCLK_ADDR
 702 01BE 01 08		LDRB	r1, [r0, #0]
 703 01C0 91 A0		ADD		r1, r1, #1
 704 01C2 01 28		STRB	r1, [r0, #0]
 705 01C4 00 04		POP		r0
 706 01C6 01 04		POP		r1
 707 01C8 20 B0		MOVS	pc, lr
 708           	
 709           	
 710           	; Rotina:    sysclk_init
 711           	; Descricao: Inicia uma nova contagem no periferico pTC com o intervalo de
 712           	;            contagem recebido em R0, em ticks, limpando eventuais pedidos de
 713           	;            interrupção pendentes e iniciando com o valor zero a variavel
 714           	;            global sysclk.
 715           	;            Interface exemplo: void sysclk_init( uint8_t interval );
 716           	; Entradas:  R0 - Valor do novo intervalo de contagem, em ticks.
 717           	; Saidas:    -
 718           	; Efeitos:   Inicia a contagem no periférico a partir do valor zero, limpando
 719           	;            eventuais pedidos de interrupção pendentes e iniciando com o
 720           	;            valor zero a variavel global sysclk
 721           	sysclk_init:
 722 01CA 0E 24		PUSH	lr
 723 01CC 71 0C		LDR		r1, SYSCLK_ADDR
 724 01CE 02 60		MOV		r2, #0
 725 01D0 12 20		STR 	r2, [r1]
 726 01D2 05 5C		BL		ptc_init
 727 01D4 0F 04		POP		pc
 728           		
 729           	; Rotina:    sysclk_get_ticks
 730           	; Descricao: Devolve o valor corrente da variável global sysclk.
 731           	;            Interface exemplo: uint16_t sysclk_get_ticks ( );
 732           	; Entradas:  -
 733           	; Saidas:    *** Para completar ***
 734           	; Efeitos:   -
 735           	sysclk_get_ticks:
 736 01D6 20 0C		LDR		r0, SYSCLK_ADDR
 737 01D8 00 00		LDR		r0, [r0]
 738 01DA 0F B7		MOV		pc, lr
 739           	
 740           	SYSCLK_ADDR:
 741 01DC 29 02		.word	sysclk
 742           	
 743           	
 744           	/************************************************************************************
 745           	 * Gestor de periférico para o Pico Timer/Counter (pTC): HAL pTC
 746           	 ************************************************************************************/
 747           	; Rotina:    ptc_init
 748           	; Descricao: Faz a iniciacao do periférico pTC, habilitando o seu funcionamento
 749           	;            em modo contínuo e com o intervalo de contagem recebido em R0, em
 750           	;            ticks.
 751           	;            Interface exemplo: void ptc_init( uint8_t interval );
 752           	; Entradas:  R0 - Valor do novo intervalo de contagem, em ticks.
 753           	; Saidas:    -
 754           	; Efeitos:   Inicia a contagem no periferico a partir do valor zero, limpando
 755           	;            o pedido de interrupcao eventualmente pendente.
 756           	ptc_init:
 757 01DE 0E 24	    PUSH    lr
 758 01E0 00 24		PUSH	r0
 759 01E2 0A 5C		BL 		ptc_stop
 760 01E4 00 04		POP		r0
 761 01E6 21 0D		LDR		r1, PTC_ADDR
 762 01E8 90 28		STRB	r0, [r1, #PTC_TMR_ADDRESS]
 763 01EA 0D 5C	    BL  	ptc_clr_irq
 764 01EC 01 5C		BL 		ptc_start
 765 01EE 0F 04		POP pc
 766           	
 767           	
 768           	; Rotina:    ptc_start
 769           	; Descricao: Habilita a contagem no periferico pTC.
 770           	;            Interface exemplo: void ptc_start( );
 771           	; Entradas:  -
 772           	; Saidas:    -
 773           	; Efeitos:   -
 774           	ptc_start:
 775 01F0 D0 0C		LDR		r0, PTC_ADDR
 776 01F2 01 60		MOV		r1, #PTC_CMD_START
 777 01F4 01 29		STRB	r1, [r0, #PTC_TC_ADDRESS]
 778 01F6 0F B7		MOV		pc, lr
 779           	
 780           	; Rotina:    ptc_stop
 781           	; Descricao: Para a contagem no periferico pTC.
 782           	;            Interface exemplo: void ptc_stop( );
 783           	; Entradas:  -
 784           	; Saidas:    -
 785           	; Efeitos:   O valor do registo TC do periferico e colocado a zero.
 786           	ptc_stop:
 787 01F8 90 0C		LDR		r0, PTC_ADDR
 788 01FA 11 60		MOV		r1, #PTC_CMD_STOP
 789 01FC 01 29		STRB	r1, [r0, #PTC_TC_ADDRESS]
 790 01FE 0F B7		MOV		pc, lr
 791           	
 792           	; Rotina:    ptc_get_value
 793           	; Descricao: Devolve o valor corrente da contagem do periferico pTC.
 794           	;            Interface exemplo: uint8_t ptc_get_value( );
 795           	; Entradas:  -
 796           	; Saidas:    R0 - O valor corrente do registo TC do periferico.
 797           	; Efeitos:   -
 798           	ptc_get_value:
 799 0200 51 0C		LDR		r1, PTC_ADDR
 800 0202 10 09		LDRB	r0, [r1, #PTC_TC_ADDRESS]
 801 0204 0F B7		MOV		pc, lr
 802           	
 803           	; Rotina:    ptc_clr_irq
 804           	; Descricao: Sinaliza o periferico pTC que foi atendido um pedido de
 805           	;            interrupção.
 806           	;            Interface exemplo: void ptc_clr_irq( );
 807           	; Entradas:  -
 808           	; Saidas:    -
 809           	; Efeitos:   -
 810           	ptc_clr_irq:
 811 0206 20 0C		LDR		r0, PTC_ADDR
 812 0208 81 29		STRB	r1, [r0, #PTC_TIR_ADDRESS]
 813 020A 0F B7		MOV		pc, lr
 814           	
 815           	PTC_ADDR:
 816 020C 00 FF		.word	PTC_ADDRESS
 817           	
 818           	
 819           	
 820           	moles_red:
 821 020E 01		.byte 0x01
 822 020F 04	    .byte 0x04
 823 0210 10	    .byte 0x10
 824 0211 40	    .byte 0x40
 825           	
 826           	moles_green:
 827 0212 02		.byte 0x02
 828 0213 08	    .byte 0x08
 829 0214 20	    .byte 0x20
 830 0215 80	    .byte 0x80
 831           	
 832           	moles_yellow:
 833 0216 03		.byte 0x03
 834 0217 0C	    .byte 0x0C
 835 0218 30	    .byte 0x30
 836 0219 C0	    .byte 0xC0
 837           	
 838           	period:
 839 021A 63		.byte 0x63 ;10 s   
 840 021B 59		.byte 0x59 ;9  s
 841 021C 4F	    .byte 0x4F ;8  s
 842 021D 45	    .byte 0x45 ;7  s
 843 021E 3B	    .byte 0x3B ;6  s
 844 021F 31	    .byte 0x31 ;5  s
 845 0220 27	    .byte 0x27 ;4  s
 846 0221 1D	    .byte 0x1D ;3  s
 847 0222 13	    .byte 0x13 ;2  s
 848 0223 09	    .byte 0x09 ;1  s
 849 0224 04	    .byte 0x04 ;0.5s
 850           	
 851           	
 852           	; Seccao:    data
 853           	; Descricao: Guarda as variaveis globais
 854           	;
 855           		.data
 856 0226 00   	dificulty_time:	.space	1
 857 0227 00   	outport_img: 	.space	1
 858 0228 00   	last_play:   	.space	1
 859 0229 00   	sysclk:			.space	2
 859 022A 00
 860           	
 861           	moles_position: ; GUARDAR AS POSIÇÕES EM 8 BITS.
 862 022B 20		.byte 0x20	; RONDA 1  => [ _1__ ]
 863 022C 40		.byte 0x40	; RONDA 2  => [ 1___ ]
 864 022D 02		.byte 0x02	; RONDA 3  => [ ___1 ]
 865 022E 04		.byte 0x04	; RONDA 4  => [ __1_ ]
 866 022F 20		.byte 0x20	; RONDA 5  => [ _1__ ]
 867 0230 44		.byte 0x44	; RONDA 6  => [ 1_1_ ]
 868 0231 22		.byte 0x22	; RONDA 7  => [ _1_1 ]
 869 0232 24		.byte 0x24	; RONDA 8  => [ _11_ ]
 870 0233 42		.byte 0x42	; RONDA 9  => [ 1_1_ ]
 871 0234 24		.byte 0x24	; RONDA 10 => [ _11_ ]
 872           	
 873           	
 874           	; Seccao:    stack
 875           	; Descricao: Implementa a pilha com a dimensao definida pelo simbolo STACK_SIZE
 876           	;
 877           		.stack
 878 0236 00   		.space	STACK_SIZE
 878 .... ..
 878 0275 00
 879           	stack_top:
 880           	
 881           	
 882           	; SE A FREQ FOR 100kH, dá 0.01ms por cada contagem de clock. Se for até 255, dá no maximo 2,5ms
 883           	; SE A FREQ FOR 1kH, dá 1ms por cada contagem de clock. Se for até 255, dá no maximo 255ms
 884           	
 885           	; COM 10HZ
 886           	; 	TEMPO		CICLOS	PL		
 887           	; 	10 s		100		99 	[0x63]
 888           	; 	9  s		90		89	[0x59]
 889           	; 	8  s		80		79	[0x4F]
 890           	; 	7  s		70		69	[0x45]
 891           	; 	6  s		60		59	[0x3B]
 892           	; 	5  s		50		49	[0x31]
 893           	; 	4  s		40		39	[0x27]
 894           	; 	3  s		30		29	[0x1D]
 895           	; 	2  s		20		19	[0x13]
 896           	; 	1  s		10		09	[0x09]
 897           	; 	0.5s		5		04	[0x04]
 898           	; 
 898           	
