P16 assembler v1.5 (Feb  9 2024)	c:\Users\oleir\Desktop\Coding\Assembly\P16\H2P_AC\Projeto\projetoV2.lst	Wed Jun 03 22:38:51 2026

Sections
Index   Name            Address   Size
0       .text           0000      02C6 710
1       .data           02C6      0010 16
2       .stack          02D6      0040 64

Symbols
Name                    Type      Value       Section
ALL_GREEN_LIGHTS        ABSOLUTE  00AA 170    .text
ALL_RED_LIGHTS          ABSOLUTE  0055 85     .text
ALL_YELLOW_LIGHTS       ABSOLUTE  00FF 255    .text
BLINKING_COUNT          ABSOLUTE  0003 3      .text
check_if_any_mole_left  LABEL     01E2 482    .text
check_mole_position     LABEL     01EC 492    .text
check_mole_return       LABEL     01F6 502    .text
clear_lights            LABEL     01BC 444    .text
convert_end             LABEL     01A0 416    .text
convert_moleinput_moleoutput LABEL     0196 406    .text
convert_while           LABEL     0198 408    .text
detect_cycle            LABEL     00CE 206    .text
detect_play             LABEL     0164 356    .text
diff_addr               LABEL     00C4 196    .text
diff_addr2              LABEL     006A 106    .text
dificulty_time          LABEL     02C6 710    .data
ENABLE_EXTINT           ABSOLUTE  0010 16     .text
falling_edge_v2         LABEL     0172 370    .text
flashing_lights         LABEL     00F0 240    .text
flashing_lights_loop    LABEL     0104 260    .text
flashing_lights_retur   LABEL     0118 280    .text
game_finished           LABEL     0016 22     .text
game_finished_loss      LABEL     0024 36     .text
game_finished_vitory    LABEL     001E 30     .text
game_return             LABEL     00A6 166    .text
game_round              LABEL     006C 108    .text
game_round_loop         LABEL     007E 126    .text
game_setup_fun          LABEL     00C6 198    .text
game_setup_return       LABEL     00D6 214    .text
game_start_fun          LABEL     002A 42     .text
game_start_return       LABEL     0064 100    .text
game_start_return_false LABEL     0062 98     .text
game_start_return_true  LABEL     005E 94     .text
game_start_signal       LABEL     01B4 436    .text
game_timeout            LABEL     00A4 164    .text
generate_new_mole       LABEL     01F8 504    .text
generate_random_mole    LABEL     0202 514    .text
get_mole_green          LABEL     01AA 426    .text
get_mole_red            LABEL     01A4 420    .text
if_mole_hit_change_color LABEL     0138 312    .text
inport_read             LABEL     0232 562    .text
input_port_addr         LABEL     0238 568    .text
INPUTPORT_ADDR          ABSOLUTE  FFB0 65456  .text
INT_CS_ADDRESS          ABSOLUTE  FF00 65280  .text
isr                     LABEL     024E 590    .text
last_play               LABEL     02C9 713    .data
last_play_addr          LABEL     0180 384    .text
loop                    LABEL     000E 14     .text
LOSER_LIGHTS            ABSOLUTE  0000 0      .text
loser_prep              LABEL     0102 258    .text
main                    LABEL     000A 10     .text
mole_hit_return         LABEL     0156 342    .text
mole_hit_return_false   LABEL     0150 336    .text
mole_hit_return_true    LABEL     0154 340    .text
moles_green             LABEL     02AE 686    .text
moles_green_addr        LABEL     01B2 434    .text
moles_position          LABEL     02CC 716    .data
moles_position_addr     LABEL     0162 354    .text
moles_red               LABEL     02AA 682    .text
moles_red_addr          LABEL     01B0 432    .text
moles_yellow            LABEL     02B2 690    .text
next_round              LABEL     003A 58     .text
NO_LIGHTS               ABSOLUTE  0000 0      .text
out_port_addr           LABEL     023A 570    .text
out_port_img_addr       LABEL     023C 572    .text
OUTPORT_ADDRESS         ABSOLUTE  FFC0 65472  .text
outport_clr_bits        LABEL     0218 536    .text
outport_img             LABEL     02C8 712    .data
outport_set_bits        LABEL     020C 524    .text
outport_write           LABEL     0226 550    .text
period                  LABEL     02B6 694    .text
period_addr             LABEL     011C 284    .text
program                 LABEL     0004 4      .text
PTC_ADDR                LABEL     02A8 680    .text
PTC_ADDRESS             ABSOLUTE  FF00 65280  .text
ptc_clr_irq             LABEL     02A2 674    .text
PTC_CMD_START           ABSOLUTE  0000 0      .text
PTC_CMD_STOP            ABSOLUTE  0001 1      .text
ptc_get_value           LABEL     029C 668    .text
ptc_init                LABEL     027A 634    .text
ptc_start               LABEL     028C 652    .text
ptc_stop                LABEL     0294 660    .text
PTC_TC_ADDRESS          ABSOLUTE  0004 4      .text
PTC_TCR_ADDRESS         ABSOLUTE  0000 0      .text
PTC_TIR_ADDRESS         ABSOLUTE  0006 6      .text
PTC_TMR_ADDRESS         ABSOLUTE  0002 2      .text
random_loop             LABEL     003A 58     .text
read_and_save_game_dificulty LABEL     00AE 174    .text
read_marreta            LABEL     01C4 452    .text
return_game             LABEL     0028 40     .text
ROUNDS_COUNT            ABSOLUTE  000A 10     .text
show_moles_state        LABEL     015C 348    .text
sleep                   LABEL     00DA 218    .text
sleep_end               LABEL     00EE 238    .text
sleep_inner_loop        LABEL     00E6 230    .text
sleep_outer_loop        LABEL     00E2 226    .text
STACK_SIZE              ABSOLUTE  0040 64     .text
stack_top               LABEL     0316 790    .stack
stack_top_addr          LABEL     0008 8      .text
start_up_interruptions  LABEL     0182 386    .text
sysclk                  LABEL     02CA 714    .data
SYSCLK_ADDR             LABEL     0278 632    .text
sysclk_get_ticks        LABEL     0272 626    .text
sysclk_init             LABEL     0266 614    .text
time_elapsed            LABEL     0244 580    .text
time_get_ref            LABEL     023E 574    .text
TMR_INIT_VAL            ABSOLUTE  0005 5      .text
turn_mole_red           LABEL     01CE 462    .text
VICTORY_LIGHTS          ABSOLUTE  0001 1      .text
victory_prep            LABEL     00FE 254    .text
WAIT_500MS              ABSOLUTE  0053 83     .text
wait_loop               LABEL     012A 298    .text
wait_ticks              LABEL     011E 286    .text

Code listing
   1           	; Definicao dos valores dos simbolos utilizados no programa
   2           	;
   3          		.equ	STACK_SIZE, 64              ; Dimensao do stack, em bytes
   4          		.equ	ENABLE_EXTINT, 0x10         ; Ativa a flag I do CPSR (ativa as interrupcoes)
   5          		.equ	OUTPORT_ADDRESS, 0xFFC0     ; Endereco do porto de saida
   6          		.equ 	INPUTPORT_ADDR, 0xFFB0		; Endereco do porto de entrada
   7           	
   8          		.equ 	ALL_GREEN_LIGHTS, 0xAA
   9          		.equ 	ALL_RED_LIGHTS, 0x55
  10          		.equ 	ALL_YELLOW_LIGHTS, 0xFF
  11          		.equ 	NO_LIGHTS, 0x00
  12           		
  13          		.equ 	ROUNDS_COUNT, 0x0A
  14          		.equ 	BLINKING_COUNT, 0x03
  15           	
  16          		.equ 	VICTORY_LIGHTS, 0x01
  17          		.equ 	LOSER_LIGHTS, 0x00
  18           	
  19          		.equ 	WAIT_500MS, 0x53
  20           	
  21          		.equ	PTC_ADDRESS, 0xFF00      	; Endereco do circuito pTC
  22          		.equ	INT_CS_ADDRESS, 0xFF00      ; Local em memória para ativar o [nCS_EXT0] Chip select [FF00 a FF3F]
  23          	    .equ	PTC_TCR_ADDRESS, 0     		; Endereço de memória para ativar o [TCR Register] do pTC [0xFF00]
  24          		.equ	PTC_TMR_ADDRESS, 2     		; Endereço de memória para ativar o [TMR Register] do pTC [0xFF02]
  25          		.equ	PTC_TC_ADDRESS, 4     		; Endereço de memória para ativar o [TC Register] do pTC [0xFF04]
  26          		.equ	PTC_TIR_ADDRESS, 6			; Endereço de memória para ativar o [TIR Register] do pTC [0xFF06]
  27          		.equ	PTC_CMD_START, 0			; Comando para iniciar a contagem no pTC
  28          		.equ	PTC_CMD_STOP, 1				; Comando para parar a contagem no pTC
  29           	
  30           	;; O VALOR DO CONTADOR INTERNO DO PICO TIMER SERA SEMPRE 6 PARA GARANTIR QUE É SEMPRE FEITA INTERRUPÇÕES A CADA 6MS
  31           	;; COMO USAMOS UM CLOCK DE 1KHZ, TEMOS CLOCKS A CADA 1MS
  32           	;; ASSUMIMOS QUE O ISR DEMORA 1.2MS A EXECUTAR E GARANTIMOS QUE O PROGRAMA CORRE NOS RESTANTES 5MS
  33           	
  34          		.equ	TMR_INIT_VAL, 0x05           ; Valor inicial do sysclk que garante a frequencia em segundos das interrupções
  35           		
  36           	
  37           	
  38           	; Seccao:    text
  39           	; Descricao: Guarda o codigo do programa
  40           	;
  41           		.text
  42 0000 01 58		b	program
  43 0002 25 59		b	isr
  44           	program:
  45 0004 1D 0C		LDR	sp, stack_top_addr
  46 0006 01 58	    b   main
  47           	
  48           	stack_top_addr:
  49 0008 16 03		.word	stack_top
  50           	
  51           	; Rotina:    MAIN Function
  52           	; Descricao: -
  53           	; Entradas:  -
  54           	; Saidas:    -
  55           	; Efeitos:   -
  56           	main:
  57 000A 50 60		MOV R0, #TMR_INIT_VAL
  58 000C 2C 5D		BL sysclk_init
  59           	
  60           	loop:
  61           		
  62 000E 5B 5C		BL game_setup_fun
  63 0010 0C 5C		BL game_start_fun
  64 0012 01 5C		BL game_finished
  65           		
  66 0014 FC 5B		B loop
  67           		
  68           	;; END MAIN
  69           	
  70           	
  71           	;
  72           	; >> Função GAME FINISHED << Rotina que é executada depois do jogo terminar, 
  73           	;	quer por tempo terminado ou por concluir as rondas todas
  74           	; Tipo: - NAO FOLHA -
  75           	; Parametros de entrada:
  76           	;	R0 -> Estado do jogo [0 - DERROTA; 1 - VITORIA]
  77           	; variaveis locais:
  78           	;	R1 -> i (para o ciclo)
  79           	; Parametros de saida:
  80           	;   VOID
  81           	;
  82           	game_finished:
  83 0016 0E 24		PUSH LR
  84           	
  85 0018 01 60		MOV R1, #0
  86 001A 10 B8		CMP R1, R0
  87           	
  88 001C 03 40		BEQ game_finished_loss
  89           	
  90           	game_finished_vitory:
  91 001E 10 60		MOV R0, #VICTORY_LIGHTS 
  92 0020 67 5C		BL flashing_lights
  93 0022 02 58		B return_game
  94           	
  95           	game_finished_loss:
  96 0024 00 60		MOV R0, #LOSER_LIGHTS 
  97 0026 64 5C		BL flashing_lights
  98           	
  99           	return_game:
 100           	
 101 0028 0F 04		POP PC
 102           	;END GAME_FINISHED
 103           	
 104           	
 105           	;
 106           	; >> Função GAME START << Rotina que inicializa o jogo. 
 107           	;	Limpa os LEDS da placa, lê as posições do array das toupeiras com base no nº da ronda
 108           	;	INICIA a rounda e no final, se houver o jogador vender, incrementa a ronda e recomeça o jogo
 109           	; Tipo: - NAO FOLHA -
 110           	; Parametros de entrada:
 111           	;	-
 112           	; variaveis locais:
 113           	;	R5 -> rondaNum (Número da ronda que é incrementado após a ronda anterior terminar com uscesso)
 114           	; Parametros de saida:
 115           	;   VOID
 116           	;
 117           	game_start_fun:
 118 002A 0E 24		PUSH LR
 119 002C 04 24		PUSH R4
 120 002E 05 24		PUSH R5
 121           		
 122 0030 C5 5C		BL clear_lights
 123           	
 124 0032 B1 0D		LDR R1, diff_addr2
 125 0034 10 00		LDR R0, [R1]					; CARREGA EM R0 o tempo retirado do array de periodos
 126           		
 127 0036 A5 60		MOV R5, #ROUNDS_COUNT
 128 0038 04 60		MOV R4, #0						;Nº DA RONDA 
 129           	next_round:
 130           		
 131           		
 132           		;MOV R0, R4						;Nº DA RONDA 
 133           	random_loop:
 134 003A E3 5C		BL generate_random_mole
 135 003C 03 B0		MOV R3, R0
 136           	
 137 003E A1 6A		MOV R1, #ALL_GREEN_LIGHTS
 138 0040 90 B9		CMP R1, R3
 139 0042 FB 43		BEQ random_loop
 140 0044 B3 C1		AND R3, R3, R3
 141 0046 F9 43		BZS random_loop					; CASO não ha toupeira gera uma nova
 142           	
 143 0048 89 5C		BL show_moles_state				;CARREGA AS POSIÇÕES DAS TOUPEIRAS A PARTIR DO ARRAY em R0
 144           	
 145 004A 10 5C		BL game_round
 146 004C 00 C0		AND R0, R0, R0
 147 004E 09 40		BZS game_start_return_false
 148           	
 149 0050 C4 A0		ADD R4, R4, #1					; INCREMENTA O Nº DA RONDA
 150           		
 151 0052 B4 5C		BL clear_lights
 152 0054 30 65		MOV R0, #WAIT_500MS
 153 0056 63 5C		BL wait_ticks
 154           			
 155 0058 50 BA		CMP R5, R4
 156 005A 01 40		BEQ game_start_return_true
 157           		
 158 005C EE 5B		B next_round
 159           	
 160           	game_start_return_true:
 161 005E 10 60		MOV R0, #1
 162 0060 01 58		B game_start_return
 163           	game_start_return_false:
 164 0062 00 60		MOV R0, #0
 165           	game_start_return:
 166 0064 05 04		POP R5
 167 0066 04 04		POP R4
 168 0068 0F 04		POP PC
 169           	;; END Game_Start_Fun
 170           	
 171           	
 172           	
 173 006A C6 02	diff_addr2:   		.word dificulty_time
 174           	
 175           	
 176           	
 177           	; Rotina:    game_round
 178           	; Descricao: 
 179           	; Entradas:  R0 -> posicoes das toupeiras
 180           	; Saidas:    -
 181           	; Efeitos:  
 182           	game_round:
 183 006C 0E 24		PUSH LR
 184 006E 04 24		PUSH R4
 185 0070 05 24		PUSH R5
 186 0072 06 24		PUSH R6
 187           	
 188 0074 04 B0		MOV R4, R0
 189           	
 190 0076 E3 5C		BL time_get_ref					; Começa a contar o tempo da ronda
 191 0078 05 B0		MOV R5, R0						; Guarda o valor do contador no momento do inicio
 192           	
 193 007A 41 0E		LDR R1, diff_addr
 194 007C 16 00		LDR R6, [R1]					; Valor de ciclos referncia para esta dificuldade
 195           		
 196           	game_round_loop:
 197 007E 80 B2	    MOV R0, R5				; Metemos em R0, o valor que estava no inicio da contagem
 198 0080 E1 5C	    BL time_elapsed         ; Calcula diferença entre agora e R1
 199 0082 00 BB	    CMP R0, R6              ; Compara tempo decorrido com o desejado
 200 0084 0F 48	    BHS game_timeout		; Enquanto decorrido < desejado, espera
 201           	
 202           	
 203 0086 F1 60		MOV R1, #0x0F
 204 0088 6D 5C		BL detect_play			; DEVOLVE A MASCARA DOS INPUTS DETETADOS
 205 008A 00 C0		AND R0, R0, R0			; SE ESTIVER A ZERO, NAO HOUVE INPUTS E CONTINUA
 206           	
 207 008C F8 43		BZS game_round_loop
 208           		
 209 008E 01 B2		MOV R1, R4
 210 0090 53 5C		BL if_mole_hit_change_color
 211 0092 00 C0		AND R0, R0, R0			; SE ESTIVER A ZERO, NAO HOUVE TROCAS
 212 0094 F4 43		BZS game_round_loop
 213           	
 214           	
 215 0096 A5 5C		BL check_if_any_mole_left
 216 0098 00 C0		AND R0, R0, R0
 217           		
 218 009A F1 47		BZC game_round_loop					; SE FOR ZERO É PORQUE NAO HA MAIS TOUPEIRAS POR MATAR
 219           	
 220 009C 30 65		MOV R0, #WAIT_500MS		
 221 009E 3F 5C		BL wait_ticks			
 222           		
 223 00A0 10 60		MOV R0, #1
 224 00A2 01 58		B game_return
 225           	game_timeout:
 226 00A4 00 60		MOV R0, #0
 227           	
 228           	game_return:
 229 00A6 06 04		POP R6
 230 00A8 05 04		POP R5
 231 00AA 04 04		POP R4
 232 00AC 0F 04		POP PC
 233           	; END
 234           	
 235           	
 236           	;
 237           	; >> Função READ_GAME_DIFICULTY <<
 238           	; Tipo: - FOLHA -
 239           	; Parametros de entrada:
 240           	;	-
 241           	; variaveis locais:
 242           	;	-
 243           	; Parametros de saida:
 244           	;   R0 -> 
 245           	;
 246           	read_and_save_game_dificulty: 
 247 00AE 0E 24		PUSH LR
 248 00B0 C0 5C		BL inport_read
 249           	
 250           		; Só precisamos dos 3 bits mais significativos
 251 00B2 02 6E		MOV R2, #0xE0
 252 00B4 00 C1		AND R0, R0, R2
 253           	
 254 00B6 80 EA		LSR R0, R0, #5
 255 00B8 80 E0		LSL R0, R0, #1
 256           	
 257 00BA 01 0F		LDR r1, period_addr	; Carrega o endereço do array
 258 00BC 10 10		LDR r0, [R1, R0]	; Carrega do array a posição R0
 259           	
 260 00BE 21 0C		LDR r1, diff_addr	; Carrega o endereço da variavel
 261 00C0 10 20		STR r0, [R1]		; Guarda o valor obtido do array na variável
 262           	
 263           	
 264 00C2 0F 04		POP PC
 265           	; END
 266 00C4 C6 02	diff_addr:   		.word dificulty_time
 267           	
 268           	;
 269           	; >> Função GAME SETUP << Rotina que prepeara o inicio do jogo. 
 270           	;	Inicia o PicoTimer, Faz enable ás interrupções, Lê a dificuldade do jogo posta no inputport e 
 271           	;	deteta o primeiro input para iniciar o jogo
 272           	; Tipo: - NAO FOLHA -
 273           	; Parametros de entrada:
 274           	;	-
 275           	; variaveis locais:
 276           	;	R1 -> i (Mascara usada para definir qual o input que estamos a "detetar")
 277           	; Parametros de saida:
 278           	;   VOID
 279           	;
 280           	game_setup_fun:
 281 00C6 0E 24		PUSH LR
 282           		
 283 00C8 75 5C		BL game_start_signal 
 284 00CA 5B 5C		BL start_up_interruptions		; PROCESSO DE INICIALIZAÇÃO DAS INTERRUPÇÕES
 285           	
 286 00CC 14 60		MOV R4, #0x01
 287           	detect_cycle:
 288 00CE 01 B2		MOV R1, R4
 289 00D0 49 5C		BL detect_play
 290 00D2 00 C2		AND R0, R0, R4
 291           		
 292 00D4 FC 43		BZS detect_cycle
 293           	game_setup_return:
 294 00D6 EB 5F		BL read_and_save_game_dificulty ; Lê e grava em memória o tempo selecionado para a ronda
 295           	
 296 00D8 0F 04		POP PC
 297           	;; END Game_Setup_Fun
 298           	
 299           	
 300           	
 301           	; Rotina:    sleep
 302           	; Descricao: Faz um atraso de tempo de #1 em r0 e r1
 303           	; Entradas:  Recebe r0
 304           	; Saidas:    Não têm
 305           	; Efeitos:   Altera os registos R0 e R1
 306           	sleep:
 307           	
 308 00DA 01 0E		LDR r1, period_addr	; Carrega o endereço do array
 309 00DC 10 10		LDR r0, [R1, R0]	; Carrega do array a posição R0
 310           	
 311 00DE 00 C0		and	r0, r0, r0
 312 00E0 06 40		beq	sleep_end
 313           	sleep_outer_loop:
 314 00E2 E1 60		MOV	r1, #0x0E
 315 00E4 31 70		MOVT r1, #0x03
 316           	sleep_inner_loop:
 317 00E6 91 A8		sub	r1, r1, #1
 318 00E8 FE 47		bne	sleep_inner_loop
 319 00EA 80 A8		sub	r0, r0, #1
 320 00EC FA 47		bne	sleep_outer_loop
 321           	sleep_end:
 322 00EE 0F B7		MOV	pc, lr
 323           	
 324           	
 325           	
 326           	; Rotina:    vitory_lights
 327           	; Descricao: 
 328           	; Entradas:  R0  -> State. 0 -> Loss | 1 -> Victory
 329           	; Saidas:    -
 330           	; Efeitos:  Pisca os leds 3 vezes com base no parametro de entrada R0. 
 331           	;	Usa uma função auxiliar que permite esperar meio segundo, atraves do pico timer, antes de acender ou apagar o led
 332           	flashing_lights:
 333 00F0 0E 24		PUSH LR
 334 00F2 04 24		PUSH R4
 335           	
 336 00F4 34 60		MOV R4, #BLINKING_COUNT
 337           		
 338 00F6 33 65		MOV R3, #WAIT_500MS
 339           		
 340 00F8 02 60		MOV R2, #LOSER_LIGHTS
 341 00FA 00 B9		CMP R0, R2
 342 00FC 02 40		BEQ loser_prep
 343           	
 344           	victory_prep:
 345 00FE A2 6A		MOV R2, #ALL_GREEN_LIGHTS
 346 0100 01 58		B flashing_lights_loop
 347           	loser_prep:
 348 0102 52 65		MOV R2, #ALL_RED_LIGHTS
 349           	
 350           	flashing_lights_loop:
 351           	
 352 0104 00 B1		MOV R0, R2					; METE TUDO A VERDE
 353 0106 8F 5C		BL outport_write
 354           		
 355 0108 80 B1		MOV R0, R3			
 356 010A 09 5C		BL wait_ticks
 357           	
 358 010C 57 5C		BL clear_lights				; APAGA OS LEDS TODOS
 359           	
 360 010E 80 B1		MOV R0, R3			
 361 0110 06 5C		BL wait_ticks
 362           	
 363 0112 C4 A8		SUB R4, R4, #1
 364 0114 01 40		BZS flashing_lights_retur
 365 0116 F6 5B		B flashing_lights_loop
 366           	
 367           	flashing_lights_retur:
 368 0118 04 04		POP R4
 369 011A 0F 04		POP PC
 370           	;END
 371           	
 372 011C B6 02	period_addr:  		.word period
 373           	
 374           	
 375           	; Rotina:    delay_ticks
 376           	; Descricao: 
 377           	; Entradas:  R0 -> Recebe o número de ciclos que pretende esperar
 378           	; Saidas:    -
 379           	; Efeitos:  Espera meio segundo
 380           	wait_ticks:
 381 011E 0E 24	    PUSH LR
 382 0120 01 24	    PUSH R1
 383 0122 02 24	    PUSH R2
 384           	
 385 0124 02 B0	    MOV R2, R0              ; Guarda o tempo desejado
 386 0126 8B 5C	    BL time_get_ref
 387 0128 01 B0	    MOV R1, R0              ; R1 = tempo de referência inicial
 388           	
 389           	wait_loop:
 390 012A 80 B0	    MOV R0, R1
 391 012C 8B 5C	    BL time_elapsed         ; Calcula diferença entre agora e R1
 392 012E 00 B9	    CMP R0, R2              ; Compara tempo decorrido com o desejado
 393 0130 FC 57	    BLT wait_loop          ; Enquanto decorrido < desejado, espera
 394           	
 395 0132 02 04	    POP R2
 396 0134 01 04	    POP R1
 397 0136 0F 04	    POP PC
 398           	
 399           	
 400           	; Rotina:    if_mole_hit_change_color
 401           	; Descricao: 
 402           	; Entradas:  R0 -> mascara de hits detetada
 403           	; Entradas:  R1 -> posicoes das toupeiras
 404           	; Saidas:    -
 405           	; Efeitos:  
 406           	if_mole_hit_change_color:
 407 0138 0E 24		PUSH LR
 408 013A 04 24		PUSH R4
 409 013C 05 24		PUSH R5
 410           	
 411 013E 84 B0		MOV R4, R1
 412           	
 413 0140 2A 5C		BL convert_moleinput_moleoutput	; FICA EM R0 o index da marretada detetada
 414 0142 05 B0		MOV R5, R0
 415           	
 416 0144 32 5C		BL get_mole_green 				; VAI BUSCAR A MASCARA QUE REPRESENTA OS LEDS VERDES NO INDEX DA MARRETA
 417 0146 00 C2		AND R0, R0, R4					; VALIDA SE O BIT GREEN OBTIDO CORRESPONDE À POSICAO DA TOUPEIRA
 418           	
 419 0148 03 40		BZS mole_hit_return_false
 420           	
 421 014A 80 B2		MOV R0, R5
 422 014C 40 5C		BL turn_mole_red				; APAGA O LED VERDE E ACENDE O RESPETIVO LED VERMERLHO
 423 014E 02 58		B mole_hit_return_true
 424           	
 425           	mole_hit_return_false:
 426 0150 00 60		MOV R0, #0
 427 0152 01 58		B mole_hit_return
 428           	mole_hit_return_true:
 429 0154 10 60		MOV R0, #1
 430           	
 431           	mole_hit_return:
 432           	
 433 0156 05 04		POP R5
 434 0158 04 04		POP R4
 435 015A 0F 04		POP PC
 436           	; end_is_mole_hit
 437           	
 438           	
 439           	
 440           	
 441           	; Rotina:    show_moles_state
 442           	; Descricao: 
 443           	; Entradas:  R0 -> INDEX da ronda
 444           	; Saidas:    -
 445           	; Efeitos:  
 446           	show_moles_state:
 447 015C 0E 24		PUSH LR
 448           		
 449           		;LDR R2, moles_position_addr
 450           		;LDRB R3, [R2, R0]
 451           	
 452           		;MOV R0, R3
 453 015E 63 5C		BL outport_write
 454           	
 455 0160 0F 04		POP PC
 456           	; END SHOW_MOLES_STATE
 457           	
 458           	
 459           	
 460 0162 CC 02	moles_position_addr: .word moles_position
 461           	
 462           	
 463           	; Rotina:    detect play
 464           	; Descricao: Verifica se é detetada uma transição descendente em qualquer um dos primeiros 4 bits
 465           	; Entradas:  -
 466           	; Saidas:    -
 467           	; Efeitos:   
 468           	detect_play:
 469 0164 0E 24		PUSH LR
 470 0166 04 24		PUSH R4
 471           		
 472 0168 2D 5C		BL read_marreta 				; Lê e retorna os 4 bits de menor peso R0
 473 016A F1 60		MOV R1, #0x0F
 474 016C 02 5C		BL falling_edge_v2
 475           	
 476 016E 04 04		POP R4
 477 0170 0F 04		POP PC
 478           	
 479           	;END DETECT_PLAY
 480           	
 481           	
 482           	
 483           	; Entradas:  r0 - valor lido o porto de entrada
 484           	; 			 r1 - Mascara inicial 
 485           	falling_edge_v2:
 486 0172 62 0C		LDR	 r2, last_play_addr
 487 0174 23 08		LDRB r3, [r2]	; VALOR EM MEMORIA
 488           	
 489 0176 20 28		STRB r0, [r2]	; ATUALIZA EM MEMORIA
 490           	
 491 0178 10 B0		MVN R0, R0		; INVERTE OS BITS 
 492 017A 80 C1		AND R0, R0, R3	
 493           	
 494 017C 80 C0		AND R0, R0, R1 ; FILTRA OS 4 BITS menos significativos 
 495 017E 0F B7		MOV PC, LR
 496           	
 497           	last_play_addr:
 498 0180 C9 02		.word	last_play
 499           	
 500           	
 501           	; START_UP
 502           	; Rotina que inicializa o programa.
 503           	start_up_interruptions:
 504 0182 0E 24		PUSH LR
 505           	
 506 0184 50 5C		BL	outport_write		 					; Escreve o zero no output port
 507 0186 00 60		MOV	r0, #INT_CS_ADDRESS & 0xFF				; CARREGA O ENDEREÇO DE MEMÓRIA DO INT_CS
 508 0188 F0 7F		MOVT	r0, #(INT_CS_ADDRESS >> 8) & 0xFF	; CARREGA O ENDEREÇO DE MEMÓRIA DO INT_CS		
 509 018A 00 28		STRB	r0, [r0, #0]						; Faz um STOREB para ativar o sinal nWrL
 510           	
 511 018C 60 B0		mrs	r0, cpsr								; Passa as flags para o R0
 512 018E 01 61		MOV	r1, #ENABLE_EXTINT						; Passa para R1 a mascara que ativa a flag I
 513 0190 80 C8		orr	r0, r0, r1								; Realiza um OR bit a bit entre R0 e R1
 514 0192 40 B0		msr	cpsr, r0								; Passa as novas flags atualizadas para o registo CPSR
 515           	
 516 0194 0F 04		POP PC
 517           	;END interruption
 518           	
 519           	
 520           	;
 521           	; >> Função CONVERT_MOLEINPUT_MOLEOUTPUT <<
 522           	; Tipo: - FOLHA -
 523           	; Parametros de entrada:
 524           	;   uint4_t num_ -------> r0
 525           	;
 526           	; variaveis locais:
 527           	;   uint8_t contador  --> r2
 528           	;
 529           	; Parametros de saida:
 530           	;   uint8_t ---------> r0
 531           	;
 532           	convert_moleinput_moleoutput:
 533 0196 01 60		MOV R1, #0
 534           	convert_while:
 535           	
 536 0198 80 E8	    LSR r0, r0, #1          
 537 019A 02 40		BZS convert_end
 538 019C 91 A0	    ADD r1, r1, #1          ; m => contador; m--
 539 019E FC 5B	    B	convert_while
 540           	
 541           	convert_end:
 542 01A0 80 B0		MOV R0, R1
 543 01A2 0F B7		MOV PC, LR
 544           	; END CONVERT
 545           	
 546           	
 547           	; GETMOLE_RED
 548           	; Retorna a posição do LED vermelho do output port com base na posição como parametro.  
 549           	; R0 -> Nº da toupeira [4bits]
 550           	get_mole_red:
 551 01A4 51 0C		LDR R1, moles_red_addr
 552 01A6 10 18		LDRB R0, [R1, R0]
 553           	
 554 01A8 0F B7		MOV PC, LR
 555           	
 556           	
 557           	; GETMOLE_GREEN
 558           	; Retorna a posição do LED verde do output port com base na posição como parametro.  
 559           	; R0 -> Nº da toupeira [4bits]
 560           	get_mole_green:
 561 01AA 31 0C		LDR R1, moles_green_addr
 562 01AC 10 18		LDRB R0, [R1, R0]
 563           	
 564 01AE 0F B7		MOV PC, LR
 565           	
 566           	;END
 567           	
 568           	
 569           	
 570           	
 571 01B0 AA 02	moles_red_addr:  .word moles_red
 572 01B2 AE 02	moles_green_addr:  .word moles_green
 573           	
 574           	;
 575           	; >> Função GAME START SIGNAL << Coloca todos os leds a laranja
 576           	; Tipo: - FOLHA -
 577           	; Parametros de entrada:
 578           	;	-
 579           	; variaveis locais:
 580           	;	-
 581           	; Parametros de saida:
 582           	;   - 
 583           	;
 584           	game_start_signal: 
 585 01B4 0E 24		PUSH LR
 586 01B6 F0 6F		MOV R0, #ALL_YELLOW_LIGHTS ; Coloca todos os 8 bits do output a 1, que significa ativar o RED e GREEN simultaneamente
 587           	
 588 01B8 29 5C		BL outport_set_bits
 589           	
 590 01BA 0F 04		POP PC
 591           	; END
 592           	
 593           	;
 594           	; >> Função CLEAR LIGHTS << Desliga todos os leds
 595           	; Tipo: - NAO FOLHA -
 596           	; Parametros de entrada:
 597           	;	-
 598           	; variaveis locais:
 599           	;	-
 600           	; Parametros de saida:
 601           	;   - 
 602           	;
 603           	clear_lights: 
 604 01BC 0E 24		PUSH LR
 605 01BE 00 60		MOV R0, #NO_LIGHTS 
 606           	
 607 01C0 32 5C		BL outport_write
 608           	
 609 01C2 0F 04		POP PC
 610           	; END
 611           	
 612           	;
 613           	; >> Função READ_MARRETA << Lê os 4bits menos significativos do inputport
 614           	; Tipo: - NAO FOLHA -
 615           	; Parametros de entrada:
 616           	;	-
 617           	; variaveis locais:
 618           	;	-
 619           	; Parametros de saida:
 620           	;   - 
 621           	;
 622           	read_marreta:
 623 01C4 0E 24		PUSH LR
 624           	
 625 01C6 F1 60		MOV R1, #0x0F
 626 01C8 34 5C		BL inport_read
 627 01CA 80 C0		AND R0, R0, R1
 628           	
 629 01CC 0F 04		POP PC
 630           	
 631           	;END READ_MARRETA
 632           	
 633           	
 634           	
 635           	; Rotina:    turn_mole_red
 636           	; Descricao: 
 637           	; Entradas:  R0 -> INDEX da toupeira
 638           	; Saidas:    -
 639           	; Efeitos:   
 640           	turn_mole_red:
 641 01CE 0E 24		PUSH LR
 642 01D0 04 24		PUSH R4
 643           	
 644 01D2 04 B0		MOV R4, R0
 645 01D4 EA 5F		BL get_mole_green 
 646           		
 647 01D6 20 5C		BL outport_clr_bits			; LIMPA O BIT QUE TORNA O LED VERDE NA TOUPEIRA 
 648           	
 649 01D8 00 B2		MOV R0, R4
 650 01DA E4 5F		BL get_mole_red 
 651           	
 652 01DC 17 5C		BL outport_set_bits			; ATIVA O BIT QUE TORNA O LED VERMELHO NA TOUPEIRA 
 653           	
 654 01DE 04 04		POP R4
 655 01E0 0F 04		POP PC
 656           	;END TURN_MOLE_RED
 657           	
 658           	
 659           	; Rotina:    check_if_any_mole_left
 660           	; Descricao: 
 661           	; Entradas: 
 662           	; Saidas:    -
 663           	; Efeitos:  
 664           	check_if_any_mole_left:
 665 01E2 C1 0E		LDR R1, out_port_img_addr	; VAI BUSCAR O VALOR QUE ESTA VISIVEL QUE ESTA NO OUTPUTPORT
 666 01E4 11 08		LDRB R1, [R1]				; VAI BUSCAR O VALOR QUE ESTA VISIVEL QUE ESTA NO OUTPUTPORT
 667           	
 668 01E6 A2 6A		MOV R2, #ALL_GREEN_LIGHTS	; MASCARA QUE CORRESPONDE A TODAS AS POSIÇÕES POSSIVEIS DAS TOUPEIRAS VIVAS
 669 01E8 10 C1		AND R0, R1, R2
 670           	
 671 01EA 0F B7		MOV PC, LR
 672           	; end check
 673           	
 674           	
 675           	; Rotina:    check_mole_position
 676           	; Descricao: 
 677           	; Entradas:  R0 -> INDEX da marretada
 678           	; Saidas:    -
 679           	; Efeitos:   
 680           	check_mole_position:
 681 01EC 0E 24		PUSH LR
 682           		
 683           		
 684 01EE DD 5F		BL get_mole_green 
 685           	
 686 01F0 51 0E		LDR R1, out_port_img_addr
 687 01F2 11 08		LDRB R1, [R1]
 688           	
 689 01F4 80 C0		AND R0, R0, R1		; VERIFICA SE OS MESMOS BITS DO OUTPUT PORT E DA GREEN POSISTION DA TOUPEIRA SAO IGUAIS
 690           	
 691           	check_mole_return:
 692           	
 693 01F6 0F 04		POP PC
 694           	;END CHECK_MOLE_POSITION
 695           	
 696           	
 697           	;COMMENTS
 698           	generate_new_mole:
 699 01F8 0E 24		PUSH LR
 700           	
 701 01FA 3B 5C		BL sysclk_get_ticks		; VAI buscar o valor da variavel sysclk
 702 01FC A1 6A		MOV R1, #ALL_GREEN_LIGHTS
 703 01FE 80 C0		AND R0, R0, R1			; Filtra para ficar só com as toupeiras verdes
 704           	
 705           	
 706 0200 0F 04		POP PC
 707           	;END
 708           	
 709           	;COMMENTS
 710           	generate_random_mole:
 711 0202 0E 24		PUSH LR
 712           	
 713 0204 36 5C		BL sysclk_get_ticks		; VAI buscar o valor da variavel sysclk
 714 0206 A1 6A		MOV R1, #ALL_GREEN_LIGHTS
 715 0208 80 C0		AND R0, R0, R1			; Filtra para ficar só com as toupeiras verdes
 716           	
 717           	
 718 020A 0F 04		POP PC
 719           	;END
 720           	
 721           	
 722           	
 723           	
 724           	;;						;;
 725           	;; 		PORTS API 		;;
 726           	;; 						;;
 727           	
 728           	; OUTPORT_SET_BITS
 729           	; Introduz os BITS ao valor já no outputport através de uma mascara
 730           	; R0 -> é a mascara que será aplicada ao valor já existente no output-port
 731           	;
 732           	outport_set_bits:
 733 020C 0E 24	    PUSH LR
 734           	    
 735 020E 61 0D	    LDR r1, out_port_img_addr
 736 0210 11 08	    LDRB r1, [r1]
 737           	
 738 0212 80 C8	    ORR r0, r0, r1
 739           	
 740 0214 08 5C	    BL outport_write
 741           	    
 742 0216 0F 04	    POP PC
 743           	
 744           	; OUTPORT_CLR_BITS
 745           	; Limpa os BITS do valor já no outputport através de uma mascara
 746           	; R0 -> é a mascara que será aplicada ao valor já existente no output-port
 747           	;
 748           	outport_clr_bits:
 749 0218 0E 24	    PUSH LR
 750           	    
 751 021A 01 0D	    LDR r1, out_port_img_addr
 752 021C 11 08	    LDRB r1, [r1]
 753           	
 754 021E 10 B0	    MVN r0, r0
 755 0220 80 C0	    AND r0, r0, r1
 756           	
 757 0222 01 5C	    BL outport_write
 758           	    
 759 0224 0F 04	    POP PC
 760           	
 761           	
 762           	; Rotina:    outport_write
 763           	; Descricao: Escreve num porto de saida a 8 bits o valor passado como argumento.
 764           	;            Interface exemplo: void outport_write( uint8_t value );
 765           	; Entradas:  r0 - valor a escrever no porto de saida
 766           	; Saidas:    -
 767           	; Efeitos:   r1 - guarda o endereco do porto alvo da escrita
 768           	outport_write:
 769 0226 01 6C		MOV	 r1, #OUTPORT_ADDRESS & 0xFF
 770 0228 F1 7F		MOVT r1, #(OUTPORT_ADDRESS >> 8) & 0xFF
 771 022A 10 28		STRB r0, [r1, #0]
 772           	
 773           		; É necessário guardar o ultimo valor escrito no output port para conseguirmos modificar o ultimo valor com
 774           		; uma mascara
 775           	
 776 022C 71 0C	    LDR r1, out_port_img_addr    
 777 022E 10 28	    STRB r0, [r1, #0]
 778           	
 779 0230 0F B7		MOV	pc, lr
 780           	
 781           	; Rotina:    INPORT_READ
 782           	; Descricao: lê do porto de saida os 8 bits.
 783           	;            Interface exemplo: uint8_t outport_write();
 784           	; Entradas:   - 
 785           	; Saidas:    r0 - valor lido do porto de entrada
 786           	
 787           	inport_read:
 788 0232 20 0C	    LDR r0, input_port_addr
 789 0234 00 08	    LDRB r0, [r0]
 790 0236 0F B7	    MOV pc, lr
 791           	
 792 0238 B0 FF	input_port_addr:	.word INPUTPORT_ADDR
 793 023A C0 FF	out_port_addr:		.word OUTPORT_ADDRESS
 794 023C C8 02	out_port_img_addr:  .word outport_img
 795           	
 796           	
 797           	
 798           	;;									;;
 799           	;; 			PICO TIMER API 			;;
 800           	;; 									;;
 801           	
 802           	
 803           	/************************************************************************************
 804           	 * LIB time
 805           	 ************************************************************************************/
 806           	; Rotina:    time_get_ref
 807           	; Descricao: Obtém o tempo de referência (sysclk atual) para servir de referência à contagem de um tempo (implementar um relógio)
 808           	; Entradas:  void
 809           	; Saidas:    R0 - valor atual do sysclk (16 bits)
 810           	; Efeitos:   *** Para completar ***
 811           	time_get_ref:
 812 023E 0E 24		PUSH LR
 813           	
 814 0240 18 5C		BL sysclk_get_ticks
 815           	
 816 0242 0F 04		POP PC
 817           	;time_get_ref
 818           	
 819           	; Rotina:    time_elapsed
 820           	; Descricao: Retorna o número de ticks passados desde o tempo de referência
 821           	; Entradas:  R0 - tempo de referência (quando se iniciou a contagem de tempo)
 822           	; Saidas:    R0 - número de ticks passados desde tempo de referência (now-ref : de notar que o resultado da diferença continua a ser válido se now<ref)
 823           	; Efeitos:   *** Para completar ***
 824           	time_elapsed:
 825 0244 0E 24		PUSH LR
 826           	
 827 0246 01 B0		MOV R1, R0
 828           	
 829 0248 14 5C		BL sysclk_get_ticks		; Retorna o valor atual do sysclock
 830           	
 831 024A 80 88		SUB R0, R0, R1			; Calcula a diferença entre o tempo atual (sysclk) e o valor referncia (sysclk antigo)
 832           	
 833 024C 0F 04		POP PC
 834           	;time_elapsed
 835           	
 836           	/************************************************************************************
 837           	 * HAL sys_clk
 838           	 ************************************************************************************/
 839           	; Rotina:    isr
 840           	; Descricao: Incrementa o valor da variável global sysclk.
 841           	; Entradas:  -
 842           	; Saidas:    -
 843           	; Efeitos:   *** Para completar ***
 844           	isr:
 845 024E 0E 24		PUSH	LR
 846 0250 01 24		PUSH	r1
 847 0252 00 24		PUSH	r0
 848           		
 849 0254 26 5C		BL 		ptc_clr_irq
 850           	
 851 0256 00 0D		LDR		r0, SYSCLK_ADDR
 852 0258 01 00		LDR		r1, [r0, #0]
 853 025A 91 A0		ADD		r1, r1, #1
 854 025C 01 20		STR		r1, [r0, #0]
 855 025E 00 04		POP		r0
 856 0260 01 04		POP		r1	
 857 0262 0E 04		POP		LR 
 858           	
 859 0264 20 B0		MOVS	pc, lr
 860           	
 861           	
 862           	; Rotina:    sysclk_init
 863           	; Descricao: Inicia uma nova contagem no periferico pTC com o intervalo de
 864           	;            contagem recebido em R0, em ticks, limpando eventuais pedidos de
 865           	;            interrupção pendentes e iniciando com o valor zero a variavel
 866           	;            global sysclk.
 867           	;            Interface exemplo: void sysclk_init( uint8_t interval );
 868           	; Entradas:  R0 - Valor do novo intervalo de contagem, em ticks.
 869           	; Saidas:    -
 870           	; Efeitos:   Inicia a contagem no periférico a partir do valor zero, limpando
 871           	;            eventuais pedidos de interrupção pendentes e iniciando com o
 872           	;            valor zero a variavel global sysclk
 873           	sysclk_init:
 874 0266 0E 24		PUSH	lr
 875 0268 71 0C		LDR		r1, SYSCLK_ADDR
 876 026A 02 60		MOV		r2, #0
 877 026C 12 20		STR 	r2, [r1]
 878 026E 05 5C		BL		ptc_init
 879 0270 0F 04		POP		pc
 880           		
 881           	; Rotina:    sysclk_get_ticks
 882           	; Descricao: Devolve o valor corrente da variável global sysclk.
 883           	;            Interface exemplo: uint16_t sysclk_get_ticks ( );
 884           	; Entradas:  -
 885           	; Saidas:    *** Para completar ***
 886           	; Efeitos:   -
 887           	sysclk_get_ticks:
 888 0272 20 0C		LDR		r0, SYSCLK_ADDR
 889 0274 00 00		LDR		r0, [r0]
 890 0276 0F B7		MOV		pc, lr
 891           	
 892           	
 893          	.align 1
 894 0278 CA 02	SYSCLK_ADDR: .word	sysclk
 895           	
 896           	
 897           	/************************************************************************************
 898           	 * Gestor de periférico para o Pico Timer/Counter (pTC): HAL pTC
 899           	 ************************************************************************************/
 900           	; Rotina:    ptc_init
 901           	; Descricao: Faz a iniciacao do periférico pTC, habilitando o seu funcionamento
 902           	;            em modo contínuo e com o intervalo de contagem recebido em R0, em
 903           	;            ticks.
 904           	;            Interface exemplo: void ptc_init( uint8_t interval );
 905           	; Entradas:  R0 - Valor do novo intervalo de contagem, em ticks.
 906           	; Saidas:    -
 907           	; Efeitos:   Inicia a contagem no periferico a partir do valor zero, limpando
 908           	;            o pedido de interrupcao eventualmente pendente.
 909           	ptc_init:
 910 027A 0E 24	    PUSH    lr
 911 027C 00 24		PUSH	r0
 912 027E 0A 5C		BL 		ptc_stop
 913 0280 00 04		POP		r0
 914 0282 21 0D		LDR		r1, PTC_ADDR
 915 0284 10 29		STRB	r0, [r1, #PTC_TMR_ADDRESS]
 916 0286 0D 5C	    BL  	ptc_clr_irq
 917 0288 01 5C		BL 		ptc_start
 918 028A 0F 04		POP pc
 919           	
 920           	
 921           	
 922           	; Rotina:    ptc_start
 923           	; Descricao: Habilita a contagem no periferico pTC.
 924           	;            Interface exemplo: void ptc_start( );
 925           	; Entradas:  -
 926           	; Saidas:    -
 927           	; Efeitos:   -
 928           	ptc_start:
 929 028C D0 0C		LDR		r0, PTC_ADDR
 930 028E 01 60		MOV		r1, #PTC_CMD_START
 931 0290 01 2A		STRB	r1, [r0, #PTC_TC_ADDRESS]
 932 0292 0F B7		MOV		pc, lr
 933           	
 934           	; Rotina:    ptc_stop
 935           	; Descricao: Para a contagem no periferico pTC.
 936           	;            Interface exemplo: void ptc_stop( );
 937           	; Entradas:  -
 938           	; Saidas:    -
 939           	; Efeitos:   O valor do registo TC do periferico e colocado a zero.
 940           	ptc_stop:
 941 0294 90 0C		LDR		r0, PTC_ADDR
 942 0296 11 60		MOV		r1, #PTC_CMD_STOP
 943 0298 01 2A		STRB	r1, [r0, #PTC_TC_ADDRESS]
 944 029A 0F B7		MOV		pc, lr
 945           	
 946           	; Rotina:    ptc_get_value
 947           	; Descricao: Devolve o valor corrente da contagem do periferico pTC.
 948           	;            Interface exemplo: uint8_t ptc_get_value( );
 949           	; Entradas:  -
 950           	; Saidas:    R0 - O valor corrente do registo TC do periferico.
 951           	; Efeitos:   -
 952           	ptc_get_value:
 953 029C 51 0C		LDR		r1, PTC_ADDR
 954 029E 10 0A		LDRB	r0, [r1, #PTC_TC_ADDRESS]
 955 02A0 0F B7		MOV		pc, lr
 956           	
 957           	; Rotina:    ptc_clr_irq
 958           	; Descricao: Sinaliza o periferico pTC que foi atendido um pedido de
 959           	;            interrupção.
 960           	;            Interface exemplo: void ptc_clr_irq( );
 961           	; Entradas:  -
 962           	; Saidas:    -
 963           	; Efeitos:   -
 964           	ptc_clr_irq:
 965 02A2 20 0C		LDR		r0, PTC_ADDR
 966 02A4 01 2B		STRB	r1, [r0, #PTC_TIR_ADDRESS]
 967 02A6 0F B7		MOV		pc, lr
 968           	
 969           	PTC_ADDR:
 970 02A8 00 FF		.word	PTC_ADDRESS
 971           	
 972           	
 973           	
 974           	moles_red:
 975 02AA 01		.byte 0x01
 976 02AB 04	    .byte 0x04
 977 02AC 10	    .byte 0x10
 978 02AD 40	    .byte 0x40
 979           	
 980           	moles_green:
 981 02AE 02		.byte 0x02
 982 02AF 08	    .byte 0x08
 983 02B0 20	    .byte 0x20
 984 02B1 80	    .byte 0x80
 985           	
 986           	moles_yellow:
 987 02B2 03		.byte 0x03
 988 02B3 0C	    .byte 0x0C
 989 02B4 30	    .byte 0x30
 990 02B5 C0	    .byte 0xC0
 991           	
 992           	;1KHZ
 993           	period: 
 994 02B6 D0 07	    .word 0x7D0 ; 10  s
 995 02B8 E7 05	    .word 0x5E7 ; 9	  s
 996 02BA 79 04	    .word 0x479 ; 7	  s
 997 02BC 47 03	    .word 0x347 ; 5	  s
 998 02BE 20 03	    .word 0x320 ; 4	  s
 999 02C0 F8 01		.word 0x1F8 ; 3	  s
1000 02C2 4F 01	    .word 0x14F ; 2	  s
1001 02C4 A7 00		.word 0xA7 	; 1	  s
1002           	
1003           	
1004           	; Seccao:    data
1005           	; Descricao: Guarda as variaveis globais
1006           	;
1007           		.data
1008 02C6 00   	dificulty_time:	.space	2
1008 02C7 00
1009 02C8 00   	outport_img: 	.space	1
1010 02C9 00   	last_play:   	.space	1
1011 02CA 00   	sysclk:			.space	2
1011 02CB 00
1012           	
1013           	moles_position: ; GUARDAR AS POSIÇÕES EM 8 BITS.
1014 02CC 20		.byte 0x20	; RONDA 1  => [ _1__ ]
1015 02CD 80		.byte 0x80	; RONDA 2  => [ 1___ ]
1016 02CE 02		.byte 0x02	; RONDA 3  => [ ___1 ]
1017 02CF 08		.byte 0x08	; RONDA 4  => [ __1_ ]
1018 02D0 22		.byte 0x22	; RONDA 5  => [ _1__ ]
1019 02D1 88		.byte 0x88	; RONDA 6  => [ 1_1_ ]
1020 02D2 22		.byte 0x22	; RONDA 7  => [ _1_1 ]
1021 02D3 28		.byte 0x28	; RONDA 8  => [ _11_ ]
1022 02D4 82		.byte 0x82	; RONDA 9  => [ 1_1_ ]
1023 02D5 28		.byte 0x28	; RONDA 10 => [ _11_ ]
1024           	
1025           	
1026           	; Seccao:    stack
1027           	; Descricao: Implementa a pilha com a dimensao definida pelo simbolo STACK_SIZE
1028           	;
1029           		.stack
1030 02D6 00   		.space	STACK_SIZE
1030 .... ..
1030 0315 00
1031           	stack_top:
1032           	
1033           	
1034           	; SE A FREQ FOR 100kH, dá 0.01ms por cada contagem de clock. Se for até 255, dá no maximo 2,5ms
1035           	; SE A FREQ FOR 1kH, dá 1ms por cada contagem de clock. Se for até 255, dá no maximo 255ms
1036           	
1037           	; COM 1KHZ
1038           	; 	TEMPO		CICLOS	PL		
1039           	; 	0.5	s		84		83	 	[0x53]
1040           	; 	1	s		168		167		[0xA7]
1041           	; 	2	s		336		335		[0x14F]
1042           	; 	3	s		504		503		[0x1F7]
1043           	; 	4	s		672		671		[0x29F]
1044           	; 	5	s		840		839		[0x347]
1045           	; 	6	s		1008	1007	[0x3EF]
1046           	; 	7	s		1176	1175	[0x479]
1047           	; 	8	s		1344	1343	[0x53F]
1048           	; 	9	s		1512	1511	[0x5E7]
1049           	; 	10	s		1680	1679	[0x68F]
1050           	; 
1051           	
1052           	
1052           	
