P16 assembler v1.5 (Feb  9 2024)	c:\Users\oleir\Desktop\Coding\Assembly\P16\H2P_AC\Lab3\lab3v1.lst	Wed May 06 22:17:31 2026

Sections
Index   Name            Address   Size
0       .text           0000      005C 92
1       .stack          005C      0040 64

Symbols
Name                    Type      Value       Section
ALL_ONES                ABSOLUTE  FFFF 65535  .text
ALL_ZEROS               ABSOLUTE  0000 0      .text
increment               LABEL     0024 36     .text
INPORT_ADDRESS          ABSOLUTE  FF80 65408  .text
inport_read             LABEL     0032 50     .text
line#22                 LABEL     0002 2      .text
loop                    LABEL     0016 22     .text
main                    LABEL     000A 10     .text
OUTPORT_ADDRESS         ABSOLUTE  FFC0 65472  .text
outport_write           LABEL     003A 58     .text
period                  LABEL     0054 84     .text
period_addr             LABEL     0030 48     .text
program                 LABEL     0004 4      .text
sleep                   LABEL     0042 66     .text
sleep_end               LABEL     0052 82     .text
sleep_inner_loop        LABEL     004A 74     .text
sleep_outer_loop        LABEL     0046 70     .text
STACK_SIZE              ABSOLUTE  0040 64     .text
stack_top               LABEL     009C 156    .stack
stack_top_addr          LABEL     0008 8      .text
start_sleep             LABEL     0026 38     .text

Code listing
   1           	; Ficheiro:  lab03.s
   2           	; Descricao: Programa para a realizacao da 3a atividade laboratorial de
   3           	;            Arquitetura de Computadores.
   4           	; Autor:     Tiago M Dias (tiago.dias@isel.pt)
   5           	; Data:      29-04-2025
   6           	
   7           	; Definicao dos valores dos simbolos utilizados no programa
   8           	;
   9          		.equ	STACK_SIZE, 64                ; Dimensao do stack, em bytes
  10           	
  11          		.equ	ALL_ONES, 0xFFFF              ; Palavra com todos os bits a 1
  12          		.equ	ALL_ZEROS, 0x0000             ; Palavra com todos os bits a 0
  13           	
  14          		.equ	INPORT_ADDRESS, 0xFF80        ; Endereco base do porto de entrada U6 (nCS_IN)
  15          		.equ	OUTPORT_ADDRESS, 0xFFC0       ; Endereco base do porto de saida U16 (nCS_OUT)
  16           	
  17           	; Seccao:    text
  18           	; Descricao: Guarda o codigo do programa
  19           	;
  20           		.text
  21 0000 01 58		b	program
  22 0002 FF 5B		b	.		; Reservado para a ISR
  23           	program:        
  24 0004 1D 0C		ldr	sp, stack_top_addr
  25 0006 01 58		b	main
  26           	
  27           	stack_top_addr:
  28 0008 9C 00		.word	stack_top
  29           	
  30           	; Rotina:    main
  31           	; Descricao: Inicia o porto de saida e executa um ciclo infinito.
  32           	; Entradas:  Não têm
  33           	; Saidas:    Não têm
  34           	; Efeitos:   Altera os registos R0 e R1
  35           	main:
  36 000A F0 6F		mov	r0, #ALL_ONES & 0xFF
  37 000C 16 5C		bl	outport_write
  38 000E 00 60		mov	r0, #ALL_ZEROS & 0xFF
  39 0010 14 5C		bl	outport_write
  40 0012 03 60		MOV r3, #0
  41 0014 04 60		MOV r4, #0
  42           	loop:
  43 0016 0D 5C		bl	inport_read
  44           	
  45 0018 B1 0C		LDR r1, period_addr	; Carrega o endereço do array
  46 001A 12 18		LDRB r2, [R1, R0]	; Carrega do array a posição R0
  47           		
  48 001C C0 B9		CMP r4, r3
  49           	
  50 001E 02 40		BEQ increment
  51 0020 04 60		MOV r4, #0
  52           	
  53 0022 01 58		B start_sleep
  54           	increment:
  55 0024 14 60		MOV r4, #1
  56           	
  57           	start_sleep:
  58 0026 00 B1		MOV r0, r2
  59           		; R0 tem o valor do porto de entrada
  60 0028 0C 5C		BL sleep ; Espera X ciclos
  61 002A 00 B2		MOV r0, r4
  62 002C 06 5C		bl	outport_write
  63           	
  64           	
  65 002E F3 5B		b	loop
  66           	
  67 0030 54 00	period_addr:   .word period
  68           	
  69           	
  70           	
  71           	
  72           	
  73           	
  74           	
  75           	; Rotina:    inport_read
  76           	; Descricao: Adquire e devolve o valor corrente do porto de entrada.
  77           	;            Interface exemplo: uint8_t inport_read( );
  78           	; Entradas:  -
  79           	; Saidas:    r0 - Lé do hardware os 8 bits menos significativos
  80           	; Efeitos:   r1 - Utilizado para enderessar o valor do porto
  81           	inport_read:
  82 0032 01 68		mov	r1, #INPORT_ADDRESS & 0xFF
  83 0034 F1 7F		movt	r1, #(INPORT_ADDRESS >> 8) & 0xFF
  84 0036 10 08		ldrb	r0, [r1, #0]
  85 0038 0F B7		mov	pc, lr
  86           	
  87           	; Rotina:    outport_write
  88           	; Descricao: Escreve num porto de saida a 8 bits o valor passado como argumento.
  89           	;            Interface exemplo: void outport_write( uint8_t value );
  90           	; Entradas:  r0 - Valor a escrever no porto de saida
  91           	; Saidas:    -
  92           	; Efeitos:   r1 - Registo utilizado para endereçamento do porto.
  93           	outport_write:
  94 003A 01 6C		mov	r1, #OUTPORT_ADDRESS & 0xFF
  95 003C F1 7F		movt	r1, #(OUTPORT_ADDRESS >> 8) & 0xFF
  96 003E 10 28		strb	r0, [r1, #0]
  97 0040 0F B7		mov	pc, lr
  98           	
  99           	; Rotina:    sleep
 100           	; Descricao: Faz um atraso de tempo de #1 em r0 e r1
 101           	; Entradas:  Recebe r0
 102           	; Saidas:    Não têm
 103           	; Efeitos:   Altera os registos R0 e R1
 104           	sleep:
 105 0042 00 C0		and	r0, r0, r0
 106 0044 06 40		beq	sleep_end
 107           	sleep_outer_loop:
 108 0046 E1 63		mov	r1, #0x3E
 109 0048 31 70		movt	r1, #0x03
 110           	sleep_inner_loop:
 111 004A 91 A8		sub	r1, r1, #1
 112 004C FE 47		bne	sleep_inner_loop
 113 004E 80 A8		sub	r0, r0, #1
 114 0050 FA 47		bne	sleep_outer_loop
 115           	sleep_end:
 116 0052 0F B7		mov	pc, lr
 117           	
 118           	; Seccao:    data
 119           	; Descricao: Guarda as variaveis globais
 120           	;
 121           	
 122           	;	.data
 123           	
 124           	period:
 125 0054 05		.byte 0x05 ; 1s
 126 0055 0A	    .byte 0x0A ; 2s
 127 0056 0F	    .byte 0x0F ; 3s
 128 0057 14	    .byte 0x14 ; 4s
 129 0058 19	    .byte 0x19 ; 5s
 130 0059 1E	    .byte 0x1E ; 6s
 131 005A 23	    .byte 0x23 ; 7s
 132 005B 28	    .byte 0x28 ; 8s
 133           	
 134           	
 135           	; Seccao:    stack
 136           	; Descricao: Implementa a pilha com a dimensao definida pelo simbolo STACK_SIZE
 137           	;
 138           		.stack
 139 005C 00   		.space	STACK_SIZE
 139 .... ..
 139 009B 00
 140           	stack_top:
 140           	
